[INFO] - 2025-07-29 16:26:05.335 - [main] - GameApplication#48 - INFO:Starting GameApplication on WANGXUFENGs-Mac-Pro.local with PID 4586 (/Users/wangxufeng/Documents/TimeSpaceServer/skzc/home/java/gameserver/gameSrv-1.0.0.jar started by root in /Users/wangxufeng/Documents/TimeSpaceServer/skzc/home/java/gameserver)
[INFO] - 2025-07-29 16:26:05.337 - [main] - GameApplication#593 - INFO:No active profile set, falling back to default profiles: default
[INFO] - 2025-07-29 16:26:05.492 - [main] - AnnotationConfigApplicationContext#583 - INFO:Refreshing org.springframework.context.annotation.AnnotationConfigApplicationContext@6d2a209c: startup date [Tue Jul 29 16:26:05 CST 2025]; root of context hierarchy
[INFO] - 2025-07-29 16:26:06.335 - [main] - DefaultListableBeanFactory#828 - INFO:Overriding bean definition for bean 'mongoSettingsProperties' with a different definition: replacing [Generic bean: class [com.ljsd.common.mogodb.MongoSettingsProperties]; scope=singleton; abstract=false; lazyInit=false; autowireMode=0; dependencyCheck=0; autowireCandidate=true; primary=false; factoryBeanName=null; factoryMethodName=null; initMethodName=null; destroyMethodName=null; defined in URL [jar:file:/Users/wangxufeng/Documents/TimeSpaceServer/skzc/home/java/gameserver/lib/common-1.0.0.jar!/com/ljsd/common/mogodb/MongoSettingsProperties.class]] with [Root bean: class [null]; scope=; abstract=false; lazyInit=false; autowireMode=3; dependencyCheck=0; autowireCandidate=true; primary=false; factoryBeanName=mongoConfig; factoryMethodName=mongoSettingsProperties; initMethodName=null; destroyMethodName=(inferred); defined in class path resource [com/ljsd/jieling/db/mongo/MongoConfig.class]]
[INFO] - 2025-07-29 16:26:06.410 - [main] - RepositoryConfigurationDelegate#165 - INFO:Multiple Spring Data modules found, entering strict repository configuration mode!
[INFO] - 2025-07-29 16:26:07.326 - [main] - RepositoryConfigurationDelegate#165 - INFO:Multiple Spring Data modules found, entering strict repository configuration mode!
[INFO] - 2025-07-29 16:26:08.897 - [main] - cluster#71 - INFO:Cluster created with settings {hosts=[localhost:27017], mode=SINGLE, requiredClusterType=UNKNOWN, serverSelectionTimeout='30000 ms', maxWaitQueueSize=1280}
[INFO] - 2025-07-29 16:26:09.018 - [main] - cluster#71 - INFO:Cluster created with settings {hosts=[localhost:27017], mode=SINGLE, requiredClusterType=UNKNOWN, serverSelectionTimeout='30000 ms', maxWaitQueueSize=500}
[INFO] - 2025-07-29 16:26:09.022 - [main] - cluster#71 - INFO:Cluster created with settings {hosts=[localhost:27017], mode=SINGLE, requiredClusterType=UNKNOWN, serverSelectionTimeout='30000 ms', maxWaitQueueSize=500}
[INFO] - 2025-07-29 16:26:09.228 - [main] - AnnotationMBeanExporter#431 - INFO:Registering beans for JMX exposure on startup
[INFO] - 2025-07-29 16:26:09.241 - [main] - GameApplication#57 - INFO:Started GameApplication in 9.15 seconds (JVM running for 9.408)
[INFO] - 2025-07-29 16:26:09.243 - [main] - GameApplication#56 - INFO:ServerProperties ->ServerProperties{id=10001, plat='null', channel='null', isLAN=0, openTime='20190101000102', num=1, sendlog37=false, guildFight=false, areaId=0, autoOpen=true, debug=true, logDir='../logs', appId='null'},coreIp=>{}
[INFO] - 2025-07-29 16:26:09.245 - [cluster-ClusterId{value='688885a1bfca1611ea79639f', description='null'}-localhost:27017] - connection#71 - INFO:Opened connection [connectionId{localValue:4}] to localhost:27017
[INFO] - 2025-07-29 16:26:09.247 - [cluster-ClusterId{value='688885a1bfca1611ea79639f', description='null'}-localhost:27017] - cluster#71 - INFO:Monitor thread successfully connected to server with description ServerDescription{address=localhost:27017, type=STANDALONE, state=CONNECTED, ok=true, version=ServerVersion{versionList=[8, 0, 6]}, minWireVersion=0, maxWireVersion=25, maxDocumentSize=16777216, roundTripTimeNanos=448541}
[INFO] - 2025-07-29 16:26:09.250 - [pool-1-thread-1] - connection#71 - INFO:Opened connection [connectionId{localValue:1}] to localhost:27017
[INFO] - 2025-07-29 16:26:09.255 - [cluster-ClusterId{value='688885a0bfca1611ea79639d', description='null'}-localhost:27017] - connection#71 - INFO:Opened connection [connectionId{localValue:2}] to localhost:27017
[INFO] - 2025-07-29 16:26:09.255 - [cluster-ClusterId{value='688885a0bfca1611ea79639d', description='null'}-localhost:27017] - cluster#71 - INFO:Monitor thread successfully connected to server with description ServerDescription{address=localhost:27017, type=STANDALONE, state=CONNECTED, ok=true, version=ServerVersion{versionList=[8, 0, 6]}, minWireVersion=0, maxWireVersion=25, maxDocumentSize=16777216, roundTripTimeNanos=308011}
[INFO] - 2025-07-29 16:26:09.260 - [cluster-ClusterId{value='688885a1bfca1611ea79639e', description='null'}-localhost:27017] - connection#71 - INFO:Opened connection [connectionId{localValue:3}] to localhost:27017
[INFO] - 2025-07-29 16:26:09.261 - [cluster-ClusterId{value='688885a1bfca1611ea79639e', description='null'}-localhost:27017] - cluster#71 - INFO:Monitor thread successfully connected to server with description ServerDescription{address=localhost:27017, type=STANDALONE, state=CONNECTED, ok=true, version=ServerVersion{versionList=[8, 0, 6]}, minWireVersion=0, maxWireVersion=25, maxDocumentSize=16777216, roundTripTimeNanos=353350}
[INFO] - 2025-07-29 16:26:09.262 - [pool-1-thread-1] - connection#71 - INFO:Opened connection [connectionId{localValue:5}] to localhost:27017
[INFO] - 2025-07-29 16:26:09.273 - [pool-1-thread-1] - connection#71 - INFO:Opened connection [connectionId{localValue:6}] to localhost:27017
[INFO] - 2025-07-29 16:26:09.285 - [pool-1-thread-1] - connection#71 - INFO:Opened connection [connectionId{localValue:7}] to localhost:27017
[INFO] - 2025-07-29 16:26:09.299 - [pool-1-thread-1] - connection#71 - INFO:Opened connection [connectionId{localValue:8}] to localhost:27017
[INFO] - 2025-07-29 16:26:09.314 - [main] - connection#71 - INFO:Opened connection [connectionId{localValue:9}] to localhost:27017
[ERROR] - 2025-07-29 16:26:09.333 - [main] - AreaManager#97 - INFO:the exception {}
org.springframework.data.mongodb.UncategorizedMongoDbException: Query failed with error code 352 and error message 'Unsupported OP_QUERY command: find. The client driver may require an upgrade. For more details see https://dochub.mongodb.org/core/legacy-opcode-removal' on server localhost:27017; nested exception is com.mongodb.MongoQueryException: Query failed with error code 352 and error message 'Unsupported OP_QUERY command: find. The client driver may require an upgrade. For more details see https://dochub.mongodb.org/core/legacy-opcode-removal' on server localhost:27017
	at org.springframework.data.mongodb.core.MongoExceptionTranslator.translateExceptionIfPossible(MongoExceptionTranslator.java:107)
	at org.springframework.data.mongodb.core.MongoTemplate.potentiallyConvertRuntimeException(MongoTemplate.java:2146)
	at org.springframework.data.mongodb.core.MongoTemplate.executeFindOneInternal(MongoTemplate.java:1928)
	at org.springframework.data.mongodb.core.MongoTemplate.doFindOne(MongoTemplate.java:1736)
	at org.springframework.data.mongodb.core.MongoTemplate.findById(MongoTemplate.java:656)
	at org.springframework.data.mongodb.core.MongoTemplate.findById(MongoTemplate.java:649)
	at com.ljsd.jieling.core.CoreLogic.findServerArenaInfoManager(CoreLogic.java:34)
	at com.ljsd.jieling.db.mongo.AreaManager.initParm(AreaManager.java:79)
	at com.ljsd.jieling.db.mongo.AreaManager.init(AreaManager.java:51)
	at com.ljsd.jieling.db.mongo.MongoUtil.init(MongoUtil.java:77)
	at com.ljsd.GameApplication.main(GameApplication.java:57)
Caused by: com.mongodb.MongoQueryException: Query failed with error code 352 and error message 'Unsupported OP_QUERY command: find. The client driver may require an upgrade. For more details see https://dochub.mongodb.org/core/legacy-opcode-removal' on server localhost:27017
	at com.mongodb.operation.FindOperation$1.call(FindOperation.java:521)
	at com.mongodb.operation.FindOperation$1.call(FindOperation.java:510)
	at com.mongodb.operation.OperationHelper.withConnectionSource(OperationHelper.java:435)
	at com.mongodb.operation.OperationHelper.withConnection(OperationHelper.java:408)
	at com.mongodb.operation.FindOperation.execute(FindOperation.java:510)
	at com.mongodb.operation.FindOperation.execute(FindOperation.java:81)
	at com.mongodb.Mongo.execute(Mongo.java:836)
	at com.mongodb.Mongo$2.execute(Mongo.java:823)
	at com.mongodb.DBCursor.initializeCursor(DBCursor.java:870)
	at com.mongodb.DBCursor.hasNext(DBCursor.java:142)
	at com.mongodb.DBCursor.one(DBCursor.java:679)
	at com.mongodb.DBCollection.findOne(DBCollection.java:833)
	at com.mongodb.DBCollection.findOne(DBCollection.java:796)
	at com.mongodb.DBCollection.findOne(DBCollection.java:743)
	at org.springframework.data.mongodb.core.MongoTemplate$FindOneCallback.doInCollection(MongoTemplate.java:2197)
	at org.springframework.data.mongodb.core.MongoTemplate$FindOneCallback.doInCollection(MongoTemplate.java:2181)
	at org.springframework.data.mongodb.core.MongoTemplate.executeFindOneInternal(MongoTemplate.java:1925)
	... 8 common frames omitted
