2025-07-29 16:26:09.333 [main] ERROR AreaManager - the exception {}
org.springframework.data.mongodb.UncategorizedMongoDbException: Query failed with error code 352 and error message 'Unsupported OP_QUERY command: find. The client driver may require an upgrade. For more details see https://dochub.mongodb.org/core/legacy-opcode-removal' on server localhost:27017; nested exception is com.mongodb.MongoQueryException: Query failed with error code 352 and error message 'Unsupported OP_QUERY command: find. The client driver may require an upgrade. For more details see https://dochub.mongodb.org/core/legacy-opcode-removal' on server localhost:27017
	at org.springframework.data.mongodb.core.MongoExceptionTranslator.translateExceptionIfPossible(MongoExceptionTranslator.java:107)
	at org.springframework.data.mongodb.core.MongoTemplate.potentiallyConvertRuntimeException(MongoTemplate.java:2146)
	at org.springframework.data.mongodb.core.MongoTemplate.executeFindOneInternal(MongoTemplate.java:1928)
	at org.springframework.data.mongodb.core.MongoTemplate.doFindOne(MongoTemplate.java:1736)
	at org.springframework.data.mongodb.core.MongoTemplate.findById(MongoTemplate.java:656)
	at org.springframework.data.mongodb.core.MongoTemplate.findById(MongoTemplate.java:649)
	at com.ljsd.jieling.core.CoreLogic.findServerArenaInfoManager(CoreLogic.java:34)
	at com.ljsd.jieling.db.mongo.AreaManager.initParm(AreaManager.java:79)
	at com.ljsd.jieling.db.mongo.AreaManager.init(AreaManager.java:51)
	at com.ljsd.jieling.db.mongo.MongoUtil.init(MongoUtil.java:77)
	at com.ljsd.GameApplication.main(GameApplication.java:57)
Caused by: com.mongodb.MongoQueryException: Query failed with error code 352 and error message 'Unsupported OP_QUERY command: find. The client driver may require an upgrade. For more details see https://dochub.mongodb.org/core/legacy-opcode-removal' on server localhost:27017
	at com.mongodb.operation.FindOperation$1.call(FindOperation.java:521)
	at com.mongodb.operation.FindOperation$1.call(FindOperation.java:510)
	at com.mongodb.operation.OperationHelper.withConnectionSource(OperationHelper.java:435)
	at com.mongodb.operation.OperationHelper.withConnection(OperationHelper.java:408)
	at com.mongodb.operation.FindOperation.execute(FindOperation.java:510)
	at com.mongodb.operation.FindOperation.execute(FindOperation.java:81)
	at com.mongodb.Mongo.execute(Mongo.java:836)
	at com.mongodb.Mongo$2.execute(Mongo.java:823)
	at com.mongodb.DBCursor.initializeCursor(DBCursor.java:870)
	at com.mongodb.DBCursor.hasNext(DBCursor.java:142)
	at com.mongodb.DBCursor.one(DBCursor.java:679)
	at com.mongodb.DBCollection.findOne(DBCollection.java:833)
	at com.mongodb.DBCollection.findOne(DBCollection.java:796)
	at com.mongodb.DBCollection.findOne(DBCollection.java:743)
	at org.springframework.data.mongodb.core.MongoTemplate$FindOneCallback.doInCollection(MongoTemplate.java:2197)
	at org.springframework.data.mongodb.core.MongoTemplate$FindOneCallback.doInCollection(MongoTemplate.java:2181)
	at org.springframework.data.mongodb.core.MongoTemplate.executeFindOneInternal(MongoTemplate.java:1925)
	... 8 common frames omitted
