2023-11-20 17:37:34.721 [main] ERROR STableManager - file not find ../../../conf/server/MapPointConfig.txt,  do not find sheet with MapPointConfig  you need rebuild all sheet by gen sheet tool!
2023-11-20 17:37:34.723 [main] ERROR STableManager - file not find ../../../conf/server/AccomplishmentConfig.txt,  do not find sheet with AccomplishmentConfig  you need rebuild all sheet by gen sheet tool!
2023-11-20 17:37:34.724 [main] ERROR STableManager - file not find ../../../conf/server/AchievementConfig.txt,  do not find sheet with AchievementConfig  you need rebuild all sheet by gen sheet tool!
2023-11-20 17:37:34.724 [main] ERROR STableManager - file not find ../../../conf/server/ActivityChapterConfig.txt,  do not find sheet with ActivityChapterConfig  you need rebuild all sheet by gen sheet tool!
2023-11-20 17:37:34.725 [main] ERROR STableManager - file not find ../../../conf/server/ActivityDropReward.txt,  do not find sheet with ActivityDropReward  you need rebuild all sheet by gen sheet tool!
2023-11-20 17:37:34.725 [main] ERROR STableManager - file not find ../../../conf/server/ActivityLevelConfig.txt,  do not find sheet with ActivityLevelConfig  you need rebuild all sheet by gen sheet tool!
2023-11-20 17:37:34.726 [main] ERROR STableManager - file not find ../../../conf/server/ActivityRankingReward.txt,  do not find sheet with ActivityRankingReward  you need rebuild all sheet by gen sheet tool!
2023-11-20 17:37:34.726 [main] ERROR STableManager - file not find ../../../conf/server/ActivityRewardConfig.txt,  do not find sheet with ActivityRewardConfig  you need rebuild all sheet by gen sheet tool!
2023-11-20 17:37:34.727 [main] ERROR STableManager - file not find ../../../conf/server/AdjustConfig.txt,  do not find sheet with AdjustConfig  you need rebuild all sheet by gen sheet tool!
2023-11-20 17:37:34.728 [main] ERROR STableManager - file not find ../../../conf/server/AdjutantChatConfig.txt,  do not find sheet with AdjutantChatConfig  you need rebuild all sheet by gen sheet tool!
2023-11-20 17:37:34.728 [main] ERROR STableManager - file not find ../../../conf/server/AdjutantConfig.txt,  do not find sheet with AdjutantConfig  you need rebuild all sheet by gen sheet tool!
2023-11-20 17:37:34.729 [main] ERROR STableManager - file not find ../../../conf/server/AdjutantHandselConfig.txt,  do not find sheet with AdjutantHandselConfig  you need rebuild all sheet by gen sheet tool!
2023-11-20 17:37:34.729 [main] ERROR STableManager - file not find ../../../conf/server/AdjutantSkillConfig.txt,  do not find sheet with AdjutantSkillConfig  you need rebuild all sheet by gen sheet tool!
2023-11-20 17:37:34.730 [main] ERROR STableManager - file not find ../../../conf/server/AdjutantTeachConfig.txt,  do not find sheet with AdjutantTeachConfig  you need rebuild all sheet by gen sheet tool!
2023-11-20 17:37:34.730 [main] ERROR STableManager - file not find ../../../conf/server/AlameinChapter.txt,  do not find sheet with AlameinChapter  you need rebuild all sheet by gen sheet tool!
2023-11-20 17:37:34.731 [main] ERROR STableManager - file not find ../../../conf/server/AlameinLevel.txt,  do not find sheet with AlameinLevel  you need rebuild all sheet by gen sheet tool!
2023-11-20 17:37:34.732 [main] ERROR STableManager - file not find ../../../conf/server/ArenaRobotConfig.txt,  do not find sheet with ArenaRobotConfig  you need rebuild all sheet by gen sheet tool!
2023-11-20 17:37:34.734 [main] ERROR STableManager - file not find ../../../conf/server/ArenaSetting.txt,  do not find sheet with ArenaSetting  you need rebuild all sheet by gen sheet tool!
2023-11-20 17:37:34.735 [main] ERROR STableManager - file not find ../../../conf/server/ArroGantFly.txt,  do not find sheet with ArroGantFly  you need rebuild all sheet by gen sheet tool!
2023-11-20 17:37:34.736 [main] ERROR STableManager - file not find ../../../conf/server/ArtifactConfig.txt,  do not find sheet with ArtifactConfig  you need rebuild all sheet by gen sheet tool!
2023-11-20 17:37:34.743 [main] ERROR STableManager - file not find ../../../conf/server/ArtifactLevelConfig.txt,  do not find sheet with ArtifactLevelConfig  you need rebuild all sheet by gen sheet tool!
2023-11-20 17:37:34.744 [main] ERROR STableManager - file not find ../../../conf/server/ArtifactRefineConfig.txt,  do not find sheet with ArtifactRefineConfig  you need rebuild all sheet by gen sheet tool!
2023-11-20 17:37:34.744 [main] ERROR STableManager - file not find ../../../conf/server/ArtifactSkillConfig.txt,  do not find sheet with ArtifactSkillConfig  you need rebuild all sheet by gen sheet tool!
2023-11-20 17:37:34.745 [main] ERROR STableManager - file not find ../../../conf/server/ArtifactSoulConfig.txt,  do not find sheet with ArtifactSoulConfig  you need rebuild all sheet by gen sheet tool!
2023-11-20 17:37:34.745 [main] ERROR STableManager - file not find ../../../conf/server/BattlePassReward.txt,  do not find sheet with BattlePassReward  you need rebuild all sheet by gen sheet tool!
2023-11-20 17:37:34.746 [main] ERROR STableManager - file not find ../../../conf/server/BattlePassTask.txt,  do not find sheet with BattlePassTask  you need rebuild all sheet by gen sheet tool!
2023-11-20 17:37:34.746 [main] ERROR STableManager - file not find ../../../conf/server/BeginnerTask.txt,  do not find sheet with BeginnerTask  you need rebuild all sheet by gen sheet tool!
2023-11-20 17:37:34.747 [main] ERROR STableManager - file not find ../../../conf/server/BlessingConfig.txt,  do not find sheet with BlessingConfig  you need rebuild all sheet by gen sheet tool!
2023-11-20 17:37:34.747 [main] ERROR STableManager - file not find ../../../conf/server/BlessingConfigNew.txt,  do not find sheet with BlessingConfigNew  you need rebuild all sheet by gen sheet tool!
2023-11-20 17:37:34.748 [main] ERROR STableManager - file not find ../../../conf/server/BlessingRewardPoolNew.txt,  do not find sheet with BlessingRewardPoolNew  you need rebuild all sheet by gen sheet tool!
2023-11-20 17:37:34.749 [main] ERROR STableManager - file not find ../../../conf/server/BlitzBoxAwards.txt,  do not find sheet with BlitzBoxAwards  you need rebuild all sheet by gen sheet tool!
2023-11-20 17:37:34.749 [main] ERROR STableManager - file not find ../../../conf/server/BlitzConfig.txt,  do not find sheet with BlitzConfig  you need rebuild all sheet by gen sheet tool!
2023-11-20 17:37:34.750 [main] ERROR STableManager - file not find ../../../conf/server/BlitzType.txt,  do not find sheet with BlitzType  you need rebuild all sheet by gen sheet tool!
2023-11-20 17:37:34.751 [main] ERROR STableManager - file not find ../../../conf/server/BloodyBattleSetting.txt,  do not find sheet with BloodyBattleSetting  you need rebuild all sheet by gen sheet tool!
2023-11-20 17:54:06.379 [main] ERROR STableManager - file not find ../../../conf/server/MapPointConfig.txt,  do not find sheet with MapPointConfig  you need rebuild all sheet by gen sheet tool!
2023-11-20 17:54:06.383 [main] ERROR STableManager - file not find ../../../conf/server/AccomplishmentConfig.txt,  do not find sheet with AccomplishmentConfig  you need rebuild all sheet by gen sheet tool!
2023-11-20 17:54:06.383 [main] ERROR STableManager - file not find ../../../conf/server/AchievementConfig.txt,  do not find sheet with AchievementConfig  you need rebuild all sheet by gen sheet tool!
2023-11-20 17:54:06.384 [main] ERROR STableManager - file not find ../../../conf/server/ActivityChapterConfig.txt,  do not find sheet with ActivityChapterConfig  you need rebuild all sheet by gen sheet tool!
2023-11-20 17:54:06.384 [main] ERROR STableManager - file not find ../../../conf/server/ActivityDropReward.txt,  do not find sheet with ActivityDropReward  you need rebuild all sheet by gen sheet tool!
2023-11-20 17:54:06.385 [main] ERROR STableManager - file not find ../../../conf/server/ActivityLevelConfig.txt,  do not find sheet with ActivityLevelConfig  you need rebuild all sheet by gen sheet tool!
2023-11-20 17:54:06.385 [main] ERROR STableManager - file not find ../../../conf/server/ActivityRankingReward.txt,  do not find sheet with ActivityRankingReward  you need rebuild all sheet by gen sheet tool!
2023-11-20 17:54:06.386 [main] ERROR STableManager - file not find ../../../conf/server/ActivityRewardConfig.txt,  do not find sheet with ActivityRewardConfig  you need rebuild all sheet by gen sheet tool!
2023-11-20 17:54:06.386 [main] ERROR STableManager - file not find ../../../conf/server/AdjustConfig.txt,  do not find sheet with AdjustConfig  you need rebuild all sheet by gen sheet tool!
2023-11-20 17:54:06.387 [main] ERROR STableManager - file not find ../../../conf/server/AdjutantChatConfig.txt,  do not find sheet with AdjutantChatConfig  you need rebuild all sheet by gen sheet tool!
2023-11-20 17:54:06.388 [main] ERROR STableManager - file not find ../../../conf/server/AdjutantConfig.txt,  do not find sheet with AdjutantConfig  you need rebuild all sheet by gen sheet tool!
2023-11-20 17:54:06.388 [main] ERROR STableManager - file not find ../../../conf/server/AdjutantHandselConfig.txt,  do not find sheet with AdjutantHandselConfig  you need rebuild all sheet by gen sheet tool!
2023-11-20 17:54:06.389 [main] ERROR STableManager - file not find ../../../conf/server/AdjutantSkillConfig.txt,  do not find sheet with AdjutantSkillConfig  you need rebuild all sheet by gen sheet tool!
2023-11-20 17:54:06.389 [main] ERROR STableManager - file not find ../../../conf/server/AdjutantTeachConfig.txt,  do not find sheet with AdjutantTeachConfig  you need rebuild all sheet by gen sheet tool!
2023-11-20 17:54:06.390 [main] ERROR STableManager - file not find ../../../conf/server/AlameinChapter.txt,  do not find sheet with AlameinChapter  you need rebuild all sheet by gen sheet tool!
2023-11-20 17:54:06.390 [main] ERROR STableManager - file not find ../../../conf/server/AlameinLevel.txt,  do not find sheet with AlameinLevel  you need rebuild all sheet by gen sheet tool!
2023-11-20 17:54:06.391 [main] ERROR STableManager - file not find ../../../conf/server/ArenaRobotConfig.txt,  do not find sheet with ArenaRobotConfig  you need rebuild all sheet by gen sheet tool!
2023-11-20 17:54:06.394 [main] ERROR STableManager - file not find ../../../conf/server/ArenaSetting.txt,  do not find sheet with ArenaSetting  you need rebuild all sheet by gen sheet tool!
2023-11-20 17:54:06.394 [main] ERROR STableManager - file not find ../../../conf/server/ArroGantFly.txt,  do not find sheet with ArroGantFly  you need rebuild all sheet by gen sheet tool!
2023-11-20 17:54:06.395 [main] ERROR STableManager - file not find ../../../conf/server/ArtifactConfig.txt,  do not find sheet with ArtifactConfig  you need rebuild all sheet by gen sheet tool!
2023-11-20 17:54:06.398 [main] ERROR STableManager - file not find ../../../conf/server/ArtifactLevelConfig.txt,  do not find sheet with ArtifactLevelConfig  you need rebuild all sheet by gen sheet tool!
2023-11-20 17:54:06.399 [main] ERROR STableManager - file not find ../../../conf/server/ArtifactRefineConfig.txt,  do not find sheet with ArtifactRefineConfig  you need rebuild all sheet by gen sheet tool!
2023-11-20 17:54:06.399 [main] ERROR STableManager - file not find ../../../conf/server/ArtifactSkillConfig.txt,  do not find sheet with ArtifactSkillConfig  you need rebuild all sheet by gen sheet tool!
2023-11-20 17:54:06.400 [main] ERROR STableManager - file not find ../../../conf/server/ArtifactSoulConfig.txt,  do not find sheet with ArtifactSoulConfig  you need rebuild all sheet by gen sheet tool!
2023-11-20 17:54:06.400 [main] ERROR STableManager - file not find ../../../conf/server/BattlePassReward.txt,  do not find sheet with BattlePassReward  you need rebuild all sheet by gen sheet tool!
2023-11-20 17:54:06.401 [main] ERROR STableManager - file not find ../../../conf/server/BattlePassTask.txt,  do not find sheet with BattlePassTask  you need rebuild all sheet by gen sheet tool!
2023-11-20 17:54:06.401 [main] ERROR STableManager - file not find ../../../conf/server/BeginnerTask.txt,  do not find sheet with BeginnerTask  you need rebuild all sheet by gen sheet tool!
2023-11-20 17:54:06.401 [main] ERROR STableManager - file not find ../../../conf/server/BlessingConfig.txt,  do not find sheet with BlessingConfig  you need rebuild all sheet by gen sheet tool!
2023-11-20 17:54:06.402 [main] ERROR STableManager - file not find ../../../conf/server/BlessingConfigNew.txt,  do not find sheet with BlessingConfigNew  you need rebuild all sheet by gen sheet tool!
2023-11-20 17:54:06.403 [main] ERROR STableManager - file not find ../../../conf/server/BlessingRewardPoolNew.txt,  do not find sheet with BlessingRewardPoolNew  you need rebuild all sheet by gen sheet tool!
2023-11-20 17:54:06.403 [main] ERROR STableManager - file not find ../../../conf/server/BlitzBoxAwards.txt,  do not find sheet with BlitzBoxAwards  you need rebuild all sheet by gen sheet tool!
2023-11-20 17:54:06.404 [main] ERROR STableManager - file not find ../../../conf/server/BlitzConfig.txt,  do not find sheet with BlitzConfig  you need rebuild all sheet by gen sheet tool!
2023-11-20 17:54:06.404 [main] ERROR STableManager - file not find ../../../conf/server/BlitzType.txt,  do not find sheet with BlitzType  you need rebuild all sheet by gen sheet tool!
2023-11-20 17:54:06.405 [main] ERROR STableManager - file not find ../../../conf/server/BloodyBattleSetting.txt,  do not find sheet with BloodyBattleSetting  you need rebuild all sheet by gen sheet tool!
2023-11-20 17:57:13.599 [main] ERROR STableManager - file not find ../../../../conf/server/MapPointConfig.txt,  do not find sheet with MapPointConfig  you need rebuild all sheet by gen sheet tool!
2023-11-20 17:57:13.600 [main] ERROR STableManager - file not find ../../../../conf/server/AccomplishmentConfig.txt,  do not find sheet with AccomplishmentConfig  you need rebuild all sheet by gen sheet tool!
2023-11-20 17:57:13.601 [main] ERROR STableManager - file not find ../../../../conf/server/AchievementConfig.txt,  do not find sheet with AchievementConfig  you need rebuild all sheet by gen sheet tool!
2023-11-20 17:57:13.601 [main] ERROR STableManager - file not find ../../../../conf/server/ActivityChapterConfig.txt,  do not find sheet with ActivityChapterConfig  you need rebuild all sheet by gen sheet tool!
2023-11-20 17:57:13.602 [main] ERROR STableManager - file not find ../../../../conf/server/ActivityDropReward.txt,  do not find sheet with ActivityDropReward  you need rebuild all sheet by gen sheet tool!
2023-11-20 17:57:13.602 [main] ERROR STableManager - file not find ../../../../conf/server/ActivityLevelConfig.txt,  do not find sheet with ActivityLevelConfig  you need rebuild all sheet by gen sheet tool!
2023-11-20 17:57:13.603 [main] ERROR STableManager - file not find ../../../../conf/server/ActivityRankingReward.txt,  do not find sheet with ActivityRankingReward  you need rebuild all sheet by gen sheet tool!
2023-11-20 17:57:13.604 [main] ERROR STableManager - file not find ../../../../conf/server/ActivityRewardConfig.txt,  do not find sheet with ActivityRewardConfig  you need rebuild all sheet by gen sheet tool!
2023-11-20 17:57:13.605 [main] ERROR STableManager - file not find ../../../../conf/server/AdjustConfig.txt,  do not find sheet with AdjustConfig  you need rebuild all sheet by gen sheet tool!
2023-11-20 17:57:13.605 [main] ERROR STableManager - file not find ../../../../conf/server/AdjutantChatConfig.txt,  do not find sheet with AdjutantChatConfig  you need rebuild all sheet by gen sheet tool!
2023-11-20 17:57:13.606 [main] ERROR STableManager - file not find ../../../../conf/server/AdjutantConfig.txt,  do not find sheet with AdjutantConfig  you need rebuild all sheet by gen sheet tool!
2023-11-20 17:57:13.606 [main] ERROR STableManager - file not find ../../../../conf/server/AdjutantHandselConfig.txt,  do not find sheet with AdjutantHandselConfig  you need rebuild all sheet by gen sheet tool!
2023-11-20 17:57:13.607 [main] ERROR STableManager - file not find ../../../../conf/server/AdjutantSkillConfig.txt,  do not find sheet with AdjutantSkillConfig  you need rebuild all sheet by gen sheet tool!
2023-11-20 17:57:13.608 [main] ERROR STableManager - file not find ../../../../conf/server/AdjutantTeachConfig.txt,  do not find sheet with AdjutantTeachConfig  you need rebuild all sheet by gen sheet tool!
2023-11-20 17:57:13.608 [main] ERROR STableManager - file not find ../../../../conf/server/AlameinChapter.txt,  do not find sheet with AlameinChapter  you need rebuild all sheet by gen sheet tool!
2023-11-20 17:57:13.609 [main] ERROR STableManager - file not find ../../../../conf/server/AlameinLevel.txt,  do not find sheet with AlameinLevel  you need rebuild all sheet by gen sheet tool!
2023-11-20 17:57:13.610 [main] ERROR STableManager - file not find ../../../../conf/server/ArenaRobotConfig.txt,  do not find sheet with ArenaRobotConfig  you need rebuild all sheet by gen sheet tool!
2023-11-20 17:57:13.610 [main] ERROR STableManager - file not find ../../../../conf/server/ArenaSetting.txt,  do not find sheet with ArenaSetting  you need rebuild all sheet by gen sheet tool!
2023-11-20 17:57:13.611 [main] ERROR STableManager - file not find ../../../../conf/server/ArroGantFly.txt,  do not find sheet with ArroGantFly  you need rebuild all sheet by gen sheet tool!
2023-11-20 17:57:13.612 [main] ERROR STableManager - file not find ../../../../conf/server/ArtifactConfig.txt,  do not find sheet with ArtifactConfig  you need rebuild all sheet by gen sheet tool!
2023-11-20 17:57:13.613 [main] ERROR STableManager - file not find ../../../../conf/server/ArtifactLevelConfig.txt,  do not find sheet with ArtifactLevelConfig  you need rebuild all sheet by gen sheet tool!
2023-11-20 17:57:13.613 [main] ERROR STableManager - file not find ../../../../conf/server/ArtifactRefineConfig.txt,  do not find sheet with ArtifactRefineConfig  you need rebuild all sheet by gen sheet tool!
2023-11-20 17:57:13.614 [main] ERROR STableManager - file not find ../../../../conf/server/ArtifactSkillConfig.txt,  do not find sheet with ArtifactSkillConfig  you need rebuild all sheet by gen sheet tool!
2023-11-20 17:57:13.614 [main] ERROR STableManager - file not find ../../../../conf/server/ArtifactSoulConfig.txt,  do not find sheet with ArtifactSoulConfig  you need rebuild all sheet by gen sheet tool!
2023-11-20 17:57:13.615 [main] ERROR STableManager - file not find ../../../../conf/server/BattlePassReward.txt,  do not find sheet with BattlePassReward  you need rebuild all sheet by gen sheet tool!
2023-11-20 17:57:13.615 [main] ERROR STableManager - file not find ../../../../conf/server/BattlePassTask.txt,  do not find sheet with BattlePassTask  you need rebuild all sheet by gen sheet tool!
2023-11-20 17:57:13.616 [main] ERROR STableManager - file not find ../../../../conf/server/BeginnerTask.txt,  do not find sheet with BeginnerTask  you need rebuild all sheet by gen sheet tool!
2023-11-20 17:57:13.617 [main] ERROR STableManager - file not find ../../../../conf/server/BlessingConfig.txt,  do not find sheet with BlessingConfig  you need rebuild all sheet by gen sheet tool!
2023-11-20 17:57:13.618 [main] ERROR STableManager - file not find ../../../../conf/server/BlessingConfigNew.txt,  do not find sheet with BlessingConfigNew  you need rebuild all sheet by gen sheet tool!
2023-11-20 17:57:13.619 [main] ERROR STableManager - file not find ../../../../conf/server/BlessingRewardPoolNew.txt,  do not find sheet with BlessingRewardPoolNew  you need rebuild all sheet by gen sheet tool!
2023-11-20 17:57:13.619 [main] ERROR STableManager - file not find ../../../../conf/server/BlitzBoxAwards.txt,  do not find sheet with BlitzBoxAwards  you need rebuild all sheet by gen sheet tool!
2023-11-20 17:57:13.620 [main] ERROR STableManager - file not find ../../../../conf/server/BlitzConfig.txt,  do not find sheet with BlitzConfig  you need rebuild all sheet by gen sheet tool!
2023-11-20 17:57:13.621 [main] ERROR STableManager - file not find ../../../../conf/server/BlitzType.txt,  do not find sheet with BlitzType  you need rebuild all sheet by gen sheet tool!
2023-11-20 17:57:13.621 [main] ERROR STableManager - file not find ../../../../conf/server/BloodyBattleSetting.txt,  do not find sheet with BloodyBattleSetting  you need rebuild all sheet by gen sheet tool!
2023-11-20 17:59:13.534 [main] ERROR STableManager - file not find ../conf/server/MapPointConfig.txt,  do not find sheet with MapPointConfig  you need rebuild all sheet by gen sheet tool!
2023-11-20 17:59:13.535 [main] ERROR STableManager - file not find ../conf/server/AccomplishmentConfig.txt,  do not find sheet with AccomplishmentConfig  you need rebuild all sheet by gen sheet tool!
2023-11-20 17:59:13.535 [main] ERROR STableManager - file not find ../conf/server/AchievementConfig.txt,  do not find sheet with AchievementConfig  you need rebuild all sheet by gen sheet tool!
2023-11-20 17:59:13.536 [main] ERROR STableManager - file not find ../conf/server/ActivityChapterConfig.txt,  do not find sheet with ActivityChapterConfig  you need rebuild all sheet by gen sheet tool!
2023-11-20 17:59:13.536 [main] ERROR STableManager - file not find ../conf/server/ActivityDropReward.txt,  do not find sheet with ActivityDropReward  you need rebuild all sheet by gen sheet tool!
2023-11-20 17:59:13.537 [main] ERROR STableManager - file not find ../conf/server/ActivityLevelConfig.txt,  do not find sheet with ActivityLevelConfig  you need rebuild all sheet by gen sheet tool!
2023-11-20 17:59:13.537 [main] ERROR STableManager - file not find ../conf/server/ActivityRankingReward.txt,  do not find sheet with ActivityRankingReward  you need rebuild all sheet by gen sheet tool!
2023-11-20 17:59:13.539 [main] ERROR STableManager - file not find ../conf/server/ActivityRewardConfig.txt,  do not find sheet with ActivityRewardConfig  you need rebuild all sheet by gen sheet tool!
2023-11-20 17:59:13.539 [main] ERROR STableManager - file not find ../conf/server/AdjustConfig.txt,  do not find sheet with AdjustConfig  you need rebuild all sheet by gen sheet tool!
2023-11-20 17:59:13.540 [main] ERROR STableManager - file not find ../conf/server/AdjutantChatConfig.txt,  do not find sheet with AdjutantChatConfig  you need rebuild all sheet by gen sheet tool!
2023-11-20 17:59:13.541 [main] ERROR STableManager - file not find ../conf/server/AdjutantConfig.txt,  do not find sheet with AdjutantConfig  you need rebuild all sheet by gen sheet tool!
2023-11-20 17:59:13.541 [main] ERROR STableManager - file not find ../conf/server/AdjutantHandselConfig.txt,  do not find sheet with AdjutantHandselConfig  you need rebuild all sheet by gen sheet tool!
2023-11-20 17:59:13.541 [main] ERROR STableManager - file not find ../conf/server/AdjutantSkillConfig.txt,  do not find sheet with AdjutantSkillConfig  you need rebuild all sheet by gen sheet tool!
2023-11-20 17:59:13.542 [main] ERROR STableManager - file not find ../conf/server/AdjutantTeachConfig.txt,  do not find sheet with AdjutantTeachConfig  you need rebuild all sheet by gen sheet tool!
2023-11-20 17:59:13.542 [main] ERROR STableManager - file not find ../conf/server/AlameinChapter.txt,  do not find sheet with AlameinChapter  you need rebuild all sheet by gen sheet tool!
2023-11-20 17:59:13.543 [main] ERROR STableManager - file not find ../conf/server/AlameinLevel.txt,  do not find sheet with AlameinLevel  you need rebuild all sheet by gen sheet tool!
2023-11-20 17:59:13.547 [main] ERROR STableManager - file not find ../conf/server/ArenaRobotConfig.txt,  do not find sheet with ArenaRobotConfig  you need rebuild all sheet by gen sheet tool!
2023-11-20 17:59:13.547 [main] ERROR STableManager - file not find ../conf/server/ArenaSetting.txt,  do not find sheet with ArenaSetting  you need rebuild all sheet by gen sheet tool!
2023-11-20 17:59:13.548 [main] ERROR STableManager - file not find ../conf/server/ArroGantFly.txt,  do not find sheet with ArroGantFly  you need rebuild all sheet by gen sheet tool!
2023-11-20 17:59:13.548 [main] ERROR STableManager - file not find ../conf/server/ArtifactConfig.txt,  do not find sheet with ArtifactConfig  you need rebuild all sheet by gen sheet tool!
2023-11-20 17:59:13.551 [main] ERROR STableManager - file not find ../conf/server/ArtifactLevelConfig.txt,  do not find sheet with ArtifactLevelConfig  you need rebuild all sheet by gen sheet tool!
2023-11-20 17:59:13.552 [main] ERROR STableManager - file not find ../conf/server/ArtifactRefineConfig.txt,  do not find sheet with ArtifactRefineConfig  you need rebuild all sheet by gen sheet tool!
2023-11-20 17:59:13.552 [main] ERROR STableManager - file not find ../conf/server/ArtifactSkillConfig.txt,  do not find sheet with ArtifactSkillConfig  you need rebuild all sheet by gen sheet tool!
2023-11-20 17:59:13.553 [main] ERROR STableManager - file not find ../conf/server/ArtifactSoulConfig.txt,  do not find sheet with ArtifactSoulConfig  you need rebuild all sheet by gen sheet tool!
2023-11-20 17:59:13.553 [main] ERROR STableManager - file not find ../conf/server/BattlePassReward.txt,  do not find sheet with BattlePassReward  you need rebuild all sheet by gen sheet tool!
2023-11-20 17:59:13.554 [main] ERROR STableManager - file not find ../conf/server/BattlePassTask.txt,  do not find sheet with BattlePassTask  you need rebuild all sheet by gen sheet tool!
2023-11-20 17:59:13.557 [main] ERROR STableManager - file not find ../conf/server/BeginnerTask.txt,  do not find sheet with BeginnerTask  you need rebuild all sheet by gen sheet tool!
2023-11-20 17:59:13.557 [main] ERROR STableManager - file not find ../conf/server/BlessingConfig.txt,  do not find sheet with BlessingConfig  you need rebuild all sheet by gen sheet tool!
2023-11-20 17:59:13.558 [main] ERROR STableManager - file not find ../conf/server/BlessingConfigNew.txt,  do not find sheet with BlessingConfigNew  you need rebuild all sheet by gen sheet tool!
2023-11-20 17:59:13.559 [main] ERROR STableManager - file not find ../conf/server/BlessingRewardPoolNew.txt,  do not find sheet with BlessingRewardPoolNew  you need rebuild all sheet by gen sheet tool!
2023-11-20 17:59:13.559 [main] ERROR STableManager - file not find ../conf/server/BlitzBoxAwards.txt,  do not find sheet with BlitzBoxAwards  you need rebuild all sheet by gen sheet tool!
2023-11-20 17:59:13.560 [main] ERROR STableManager - file not find ../conf/server/BlitzConfig.txt,  do not find sheet with BlitzConfig  you need rebuild all sheet by gen sheet tool!
2023-11-20 17:59:13.563 [main] ERROR STableManager - file not find ../conf/server/BlitzType.txt,  do not find sheet with BlitzType  you need rebuild all sheet by gen sheet tool!
2023-11-20 17:59:13.564 [main] ERROR STableManager - file not find ../conf/server/BloodyBattleSetting.txt,  do not find sheet with BloodyBattleSetting  you need rebuild all sheet by gen sheet tool!
2023-11-20 18:01:51.061 [main] ERROR MongoUtil - the user=10001 not exists
2023-11-20 18:02:00.227 [ScheduleThreadPool-test-thread-4] ERROR MessageUtil - adventureBossRankInfo is null
2023-11-20 18:03:00.218 [ScheduleThreadPool-test-thread-4] ERROR MessageUtil - adventureBossRankInfo is null
2023-11-20 18:04:33.199 [main] ERROR MongoUtil - the user=10001 not exists
2023-11-20 18:05:00.386 [ScheduleThreadPool-test-thread-3] ERROR MessageUtil - adventureBossRankInfo is null
2023-11-20 18:06:13.729 [main] ERROR MongoUtil - the user=10001 not exists
2023-11-20 18:07:00.893 [ScheduleThreadPool-test-thread-8] ERROR MessageUtil - adventureBossRankInfo is null
2023-11-20 18:08:00.883 [ScheduleThreadPool-test-thread-5] ERROR MessageUtil - adventureBossRankInfo is null
2023-11-20 18:09:00.884 [ScheduleThreadPool-test-thread-2] ERROR MessageUtil - adventureBossRankInfo is null
2023-11-20 18:10:00.884 [ScheduleThreadPool-test-thread-2] ERROR MessageUtil - adventureBossRankInfo is null
2023-11-20 18:11:00.883 [ScheduleThreadPool-test-thread-8] ERROR MessageUtil - adventureBossRankInfo is null
2023-11-20 18:12:00.882 [ScheduleThreadPool-test-thread-3] ERROR MessageUtil - adventureBossRankInfo is null
2023-11-20 18:13:00.883 [ScheduleThreadPool-test-thread-3] ERROR MessageUtil - adventureBossRankInfo is null
2023-11-20 18:14:00.882 [ScheduleThreadPool-test-thread-5] ERROR MessageUtil - adventureBossRankInfo is null
2023-11-20 18:15:00.883 [ScheduleThreadPool-test-thread-4] ERROR MessageUtil - adventureBossRankInfo is null
2023-11-20 18:16:00.883 [ScheduleThreadPool-test-thread-5] ERROR MessageUtil - adventureBossRankInfo is null
2023-11-20 18:17:00.883 [ScheduleThreadPool-test-thread-2] ERROR MessageUtil - adventureBossRankInfo is null
2023-11-20 18:18:00.883 [ScheduleThreadPool-test-thread-6] ERROR MessageUtil - adventureBossRankInfo is null
2023-11-20 18:19:00.883 [ScheduleThreadPool-test-thread-7] ERROR MessageUtil - adventureBossRankInfo is null
2023-11-20 18:20:00.882 [ScheduleThreadPool-test-thread-6] ERROR MessageUtil - adventureBossRankInfo is null
2023-11-20 18:21:00.881 [ScheduleThreadPool-test-thread-7] ERROR MessageUtil - adventureBossRankInfo is null
2023-11-20 18:22:00.881 [ScheduleThreadPool-test-thread-7] ERROR MessageUtil - adventureBossRankInfo is null
2023-11-20 18:23:00.881 [ScheduleThreadPool-test-thread-7] ERROR MessageUtil - adventureBossRankInfo is null
2023-11-20 18:24:00.887 [ScheduleThreadPool-test-thread-6] ERROR MessageUtil - adventureBossRankInfo is null
2023-11-20 18:25:00.881 [ScheduleThreadPool-test-thread-6] ERROR MessageUtil - adventureBossRankInfo is null
2023-11-20 18:26:00.886 [ScheduleThreadPool-test-thread-2] ERROR MessageUtil - adventureBossRankInfo is null
2023-11-20 18:27:00.886 [ScheduleThreadPool-test-thread-8] ERROR MessageUtil - adventureBossRankInfo is null
2023-11-20 18:28:00.883 [ScheduleThreadPool-test-thread-6] ERROR MessageUtil - adventureBossRankInfo is null
2023-11-20 18:29:00.886 [ScheduleThreadPool-test-thread-4] ERROR MessageUtil - adventureBossRankInfo is null
2023-11-20 18:30:00.882 [ScheduleThreadPool-test-thread-2] ERROR MessageUtil - adventureBossRankInfo is null
2023-11-20 18:31:00.896 [ScheduleThreadPool-test-thread-4] ERROR MessageUtil - adventureBossRankInfo is null
2023-11-20 18:32:00.881 [ScheduleThreadPool-test-thread-5] ERROR MessageUtil - adventureBossRankInfo is null
2023-11-20 18:33:00.882 [ScheduleThreadPool-test-thread-1] ERROR MessageUtil - adventureBossRankInfo is null
2023-11-20 18:34:00.881 [ScheduleThreadPool-test-thread-7] ERROR MessageUtil - adventureBossRankInfo is null
2023-11-20 18:35:00.882 [ScheduleThreadPool-test-thread-8] ERROR MessageUtil - adventureBossRankInfo is null
2023-11-20 18:36:00.881 [ScheduleThreadPool-test-thread-3] ERROR MessageUtil - adventureBossRankInfo is null
2023-11-20 18:37:00.883 [ScheduleThreadPool-test-thread-6] ERROR MessageUtil - adventureBossRankInfo is null
2023-11-20 18:38:00.888 [ScheduleThreadPool-test-thread-8] ERROR MessageUtil - adventureBossRankInfo is null
2023-11-20 18:39:00.881 [ScheduleThreadPool-test-thread-6] ERROR MessageUtil - adventureBossRankInfo is null
2023-11-20 18:40:00.883 [ScheduleThreadPool-test-thread-7] ERROR MessageUtil - adventureBossRankInfo is null
2023-11-20 18:41:00.881 [ScheduleThreadPool-test-thread-2] ERROR MessageUtil - adventureBossRankInfo is null
2023-11-20 18:42:00.881 [ScheduleThreadPool-test-thread-6] ERROR MessageUtil - adventureBossRankInfo is null
2023-11-20 18:43:00.881 [ScheduleThreadPool-test-thread-7] ERROR MessageUtil - adventureBossRankInfo is null
2023-11-20 18:44:00.881 [ScheduleThreadPool-test-thread-7] ERROR MessageUtil - adventureBossRankInfo is null
2023-11-20 18:45:00.884 [ScheduleThreadPool-test-thread-3] ERROR MessageUtil - adventureBossRankInfo is null
2023-11-20 18:46:00.881 [ScheduleThreadPool-test-thread-6] ERROR MessageUtil - adventureBossRankInfo is null
2023-11-20 18:47:00.881 [ScheduleThreadPool-test-thread-8] ERROR MessageUtil - adventureBossRankInfo is null
2023-11-20 18:48:00.881 [ScheduleThreadPool-test-thread-1] ERROR MessageUtil - adventureBossRankInfo is null
2023-11-20 18:49:00.881 [ScheduleThreadPool-test-thread-1] ERROR MessageUtil - adventureBossRankInfo is null
2023-11-20 18:50:00.881 [ScheduleThreadPool-test-thread-4] ERROR MessageUtil - adventureBossRankInfo is null
2023-11-20 18:51:00.882 [ScheduleThreadPool-test-thread-7] ERROR MessageUtil - adventureBossRankInfo is null
2023-11-20 18:52:00.881 [ScheduleThreadPool-test-thread-2] ERROR MessageUtil - adventureBossRankInfo is null
2023-11-20 18:53:00.892 [ScheduleThreadPool-test-thread-1] ERROR MessageUtil - adventureBossRankInfo is null
2023-11-20 18:54:00.881 [ScheduleThreadPool-test-thread-3] ERROR MessageUtil - adventureBossRankInfo is null
2023-11-20 18:55:00.881 [ScheduleThreadPool-test-thread-1] ERROR MessageUtil - adventureBossRankInfo is null
2023-11-20 18:56:00.882 [ScheduleThreadPool-test-thread-4] ERROR MessageUtil - adventureBossRankInfo is null
2023-11-20 18:57:00.881 [ScheduleThreadPool-test-thread-2] ERROR MessageUtil - adventureBossRankInfo is null
2023-11-20 18:58:00.882 [ScheduleThreadPool-test-thread-5] ERROR MessageUtil - adventureBossRankInfo is null
2023-11-20 18:59:00.883 [ScheduleThreadPool-test-thread-1] ERROR MessageUtil - adventureBossRankInfo is null
2023-11-20 19:00:00.881 [ScheduleThreadPool-test-thread-2] ERROR MessageUtil - adventureBossRankInfo is null
2023-11-20 19:01:00.881 [ScheduleThreadPool-test-thread-8] ERROR MessageUtil - adventureBossRankInfo is null
2023-11-20 19:02:00.881 [ScheduleThreadPool-test-thread-1] ERROR MessageUtil - adventureBossRankInfo is null
2023-11-20 19:03:00.881 [ScheduleThreadPool-test-thread-4] ERROR MessageUtil - adventureBossRankInfo is null
2023-11-20 19:04:00.881 [ScheduleThreadPool-test-thread-3] ERROR MessageUtil - adventureBossRankInfo is null
2023-11-20 19:05:00.884 [ScheduleThreadPool-test-thread-4] ERROR MessageUtil - adventureBossRankInfo is null
2023-11-20 19:06:00.881 [ScheduleThreadPool-test-thread-4] ERROR MessageUtil - adventureBossRankInfo is null
2023-11-20 19:07:00.882 [ScheduleThreadPool-test-thread-2] ERROR MessageUtil - adventureBossRankInfo is null
2023-11-20 19:08:00.881 [ScheduleThreadPool-test-thread-6] ERROR MessageUtil - adventureBossRankInfo is null
2023-11-20 19:09:00.881 [ScheduleThreadPool-test-thread-2] ERROR MessageUtil - adventureBossRankInfo is null
2023-11-20 19:10:00.881 [ScheduleThreadPool-test-thread-2] ERROR MessageUtil - adventureBossRankInfo is null
2023-11-20 19:11:00.881 [ScheduleThreadPool-test-thread-1] ERROR MessageUtil - adventureBossRankInfo is null
2023-11-20 19:12:00.882 [ScheduleThreadPool-test-thread-5] ERROR MessageUtil - adventureBossRankInfo is null
2023-11-20 19:13:00.881 [ScheduleThreadPool-test-thread-6] ERROR MessageUtil - adventureBossRankInfo is null
2023-11-20 19:14:00.882 [ScheduleThreadPool-test-thread-2] ERROR MessageUtil - adventureBossRankInfo is null
2023-11-20 19:15:00.881 [ScheduleThreadPool-test-thread-6] ERROR MessageUtil - adventureBossRankInfo is null
2023-11-20 19:16:00.883 [ScheduleThreadPool-test-thread-1] ERROR MessageUtil - adventureBossRankInfo is null
2023-11-20 19:17:00.881 [ScheduleThreadPool-test-thread-2] ERROR MessageUtil - adventureBossRankInfo is null
2023-11-20 19:18:00.888 [ScheduleThreadPool-test-thread-8] ERROR MessageUtil - adventureBossRankInfo is null
2023-11-20 19:19:00.883 [ScheduleThreadPool-test-thread-8] ERROR MessageUtil - adventureBossRankInfo is null
2023-11-20 19:20:00.890 [ScheduleThreadPool-test-thread-8] ERROR MessageUtil - adventureBossRankInfo is null
2023-11-20 19:21:00.881 [ScheduleThreadPool-test-thread-5] ERROR MessageUtil - adventureBossRankInfo is null
2023-11-20 19:22:00.881 [ScheduleThreadPool-test-thread-1] ERROR MessageUtil - adventureBossRankInfo is null
2023-11-20 19:23:00.882 [ScheduleThreadPool-test-thread-8] ERROR MessageUtil - adventureBossRankInfo is null
2023-11-20 19:24:00.881 [ScheduleThreadPool-test-thread-5] ERROR MessageUtil - adventureBossRankInfo is null
2023-11-20 19:25:00.881 [ScheduleThreadPool-test-thread-2] ERROR MessageUtil - adventureBossRankInfo is null
2023-11-20 19:26:00.882 [ScheduleThreadPool-test-thread-8] ERROR MessageUtil - adventureBossRankInfo is null
2023-11-20 19:27:00.882 [ScheduleThreadPool-test-thread-5] ERROR MessageUtil - adventureBossRankInfo is null
2023-11-20 19:28:00.883 [ScheduleThreadPool-test-thread-7] ERROR MessageUtil - adventureBossRankInfo is null
2023-11-20 19:29:00.882 [ScheduleThreadPool-test-thread-4] ERROR MessageUtil - adventureBossRankInfo is null
2023-11-20 19:30:00.882 [ScheduleThreadPool-test-thread-5] ERROR MessageUtil - adventureBossRankInfo is null
2023-11-20 19:31:00.881 [ScheduleThreadPool-test-thread-5] ERROR MessageUtil - adventureBossRankInfo is null
2023-11-20 19:32:00.881 [ScheduleThreadPool-test-thread-3] ERROR MessageUtil - adventureBossRankInfo is null
2023-11-20 19:33:00.882 [ScheduleThreadPool-test-thread-3] ERROR MessageUtil - adventureBossRankInfo is null
2023-11-20 19:34:00.881 [ScheduleThreadPool-test-thread-2] ERROR MessageUtil - adventureBossRankInfo is null
2023-11-20 19:35:00.881 [ScheduleThreadPool-test-thread-2] ERROR MessageUtil - adventureBossRankInfo is null
2023-11-20 19:36:01.343 [ScheduleThreadPool-test-thread-5] ERROR MessageUtil - adventureBossRankInfo is null
2023-11-20 19:37:00.882 [ScheduleThreadPool-test-thread-2] ERROR MessageUtil - adventureBossRankInfo is null
2023-11-20 19:38:00.881 [ScheduleThreadPool-test-thread-6] ERROR MessageUtil - adventureBossRankInfo is null
2023-11-20 19:39:00.881 [ScheduleThreadPool-test-thread-5] ERROR MessageUtil - adventureBossRankInfo is null
2023-11-20 19:40:00.882 [ScheduleThreadPool-test-thread-2] ERROR MessageUtil - adventureBossRankInfo is null
2023-11-20 19:41:00.881 [ScheduleThreadPool-test-thread-6] ERROR MessageUtil - adventureBossRankInfo is null
2023-11-20 19:42:00.881 [ScheduleThreadPool-test-thread-1] ERROR MessageUtil - adventureBossRankInfo is null
2023-11-20 19:43:00.881 [ScheduleThreadPool-test-thread-1] ERROR MessageUtil - adventureBossRankInfo is null
2023-11-20 19:44:00.881 [ScheduleThreadPool-test-thread-4] ERROR MessageUtil - adventureBossRankInfo is null
2023-11-20 19:45:00.881 [ScheduleThreadPool-test-thread-6] ERROR MessageUtil - adventureBossRankInfo is null
2023-11-20 19:46:00.881 [ScheduleThreadPool-test-thread-8] ERROR MessageUtil - adventureBossRankInfo is null
2023-11-20 19:47:00.886 [ScheduleThreadPool-test-thread-5] ERROR MessageUtil - adventureBossRankInfo is null
2023-11-20 19:48:00.881 [ScheduleThreadPool-test-thread-8] ERROR MessageUtil - adventureBossRankInfo is null
2023-11-20 19:49:00.884 [ScheduleThreadPool-test-thread-4] ERROR MessageUtil - adventureBossRankInfo is null
2023-11-20 19:50:00.884 [ScheduleThreadPool-test-thread-3] ERROR MessageUtil - adventureBossRankInfo is null
2023-11-20 19:51:00.881 [ScheduleThreadPool-test-thread-7] ERROR MessageUtil - adventureBossRankInfo is null
2023-11-20 19:52:00.882 [ScheduleThreadPool-test-thread-8] ERROR MessageUtil - adventureBossRankInfo is null
2023-11-20 19:53:00.881 [ScheduleThreadPool-test-thread-7] ERROR MessageUtil - adventureBossRankInfo is null
2023-11-20 19:54:00.881 [ScheduleThreadPool-test-thread-3] ERROR MessageUtil - adventureBossRankInfo is null
2023-11-20 19:55:00.881 [ScheduleThreadPool-test-thread-3] ERROR MessageUtil - adventureBossRankInfo is null
2023-11-20 19:56:00.881 [ScheduleThreadPool-test-thread-1] ERROR MessageUtil - adventureBossRankInfo is null
2023-11-20 19:57:00.891 [ScheduleThreadPool-test-thread-1] ERROR MessageUtil - adventureBossRankInfo is null
2023-11-20 19:58:00.881 [ScheduleThreadPool-test-thread-2] ERROR MessageUtil - adventureBossRankInfo is null
2023-11-20 19:59:00.882 [ScheduleThreadPool-test-thread-4] ERROR MessageUtil - adventureBossRankInfo is null
2023-11-20 20:00:00.881 [ScheduleThreadPool-test-thread-4] ERROR MessageUtil - adventureBossRankInfo is null
2023-11-20 20:01:00.881 [ScheduleThreadPool-test-thread-4] ERROR MessageUtil - adventureBossRankInfo is null
2023-11-20 20:02:00.883 [ScheduleThreadPool-test-thread-1] ERROR MessageUtil - adventureBossRankInfo is null
2023-11-20 20:03:00.881 [ScheduleThreadPool-test-thread-4] ERROR MessageUtil - adventureBossRankInfo is null
2023-11-20 20:04:00.881 [ScheduleThreadPool-test-thread-7] ERROR MessageUtil - adventureBossRankInfo is null
2023-11-20 20:05:00.881 [ScheduleThreadPool-test-thread-6] ERROR MessageUtil - adventureBossRankInfo is null
2023-11-20 20:06:00.881 [ScheduleThreadPool-test-thread-6] ERROR MessageUtil - adventureBossRankInfo is null
2023-11-20 20:07:00.882 [ScheduleThreadPool-test-thread-8] ERROR MessageUtil - adventureBossRankInfo is null
2023-11-20 20:08:00.881 [ScheduleThreadPool-test-thread-7] ERROR MessageUtil - adventureBossRankInfo is null
2023-11-20 20:09:00.881 [ScheduleThreadPool-test-thread-2] ERROR MessageUtil - adventureBossRankInfo is null
2023-11-20 20:10:00.881 [ScheduleThreadPool-test-thread-4] ERROR MessageUtil - adventureBossRankInfo is null
2023-11-20 20:11:00.881 [ScheduleThreadPool-test-thread-6] ERROR MessageUtil - adventureBossRankInfo is null
2023-11-20 20:12:00.895 [ScheduleThreadPool-test-thread-4] ERROR MessageUtil - adventureBossRankInfo is null
2023-11-20 20:13:00.883 [ScheduleThreadPool-test-thread-6] ERROR MessageUtil - adventureBossRankInfo is null
2023-11-20 20:14:00.881 [ScheduleThreadPool-test-thread-7] ERROR MessageUtil - adventureBossRankInfo is null
2023-11-20 20:15:00.882 [ScheduleThreadPool-test-thread-8] ERROR MessageUtil - adventureBossRankInfo is null
2023-11-20 20:16:00.881 [ScheduleThreadPool-test-thread-8] ERROR MessageUtil - adventureBossRankInfo is null
2023-11-20 20:17:00.882 [ScheduleThreadPool-test-thread-8] ERROR MessageUtil - adventureBossRankInfo is null
2023-11-20 20:18:00.881 [ScheduleThreadPool-test-thread-4] ERROR MessageUtil - adventureBossRankInfo is null
2023-11-20 20:19:00.881 [ScheduleThreadPool-test-thread-3] ERROR MessageUtil - adventureBossRankInfo is null
2023-11-20 20:20:00.881 [ScheduleThreadPool-test-thread-7] ERROR MessageUtil - adventureBossRankInfo is null
2023-11-20 20:21:00.881 [ScheduleThreadPool-test-thread-1] ERROR MessageUtil - adventureBossRankInfo is null
2023-11-20 20:22:00.885 [ScheduleThreadPool-test-thread-2] ERROR MessageUtil - adventureBossRankInfo is null
2023-11-20 20:23:00.882 [ScheduleThreadPool-test-thread-1] ERROR MessageUtil - adventureBossRankInfo is null
2023-11-20 20:24:00.881 [ScheduleThreadPool-test-thread-5] ERROR MessageUtil - adventureBossRankInfo is null
2023-11-20 20:25:00.891 [ScheduleThreadPool-test-thread-2] ERROR MessageUtil - adventureBossRankInfo is null
2023-11-20 20:26:00.881 [ScheduleThreadPool-test-thread-1] ERROR MessageUtil - adventureBossRankInfo is null
2023-11-20 20:27:00.881 [ScheduleThreadPool-test-thread-4] ERROR MessageUtil - adventureBossRankInfo is null
2023-11-20 20:28:00.881 [ScheduleThreadPool-test-thread-2] ERROR MessageUtil - adventureBossRankInfo is null
2023-11-20 20:29:00.882 [ScheduleThreadPool-test-thread-4] ERROR MessageUtil - adventureBossRankInfo is null
2023-11-20 20:30:00.884 [ScheduleThreadPool-test-thread-3] ERROR MessageUtil - adventureBossRankInfo is null
2023-11-20 20:31:00.881 [ScheduleThreadPool-test-thread-4] ERROR MessageUtil - adventureBossRankInfo is null
2023-11-20 20:32:00.884 [ScheduleThreadPool-test-thread-1] ERROR MessageUtil - adventureBossRankInfo is null
2023-11-20 20:33:00.881 [ScheduleThreadPool-test-thread-2] ERROR MessageUtil - adventureBossRankInfo is null
2023-11-20 20:34:00.881 [ScheduleThreadPool-test-thread-7] ERROR MessageUtil - adventureBossRankInfo is null
2023-11-20 20:35:00.881 [ScheduleThreadPool-test-thread-5] ERROR MessageUtil - adventureBossRankInfo is null
2023-11-20 20:36:00.881 [ScheduleThreadPool-test-thread-6] ERROR MessageUtil - adventureBossRankInfo is null
2023-11-20 20:37:00.881 [ScheduleThreadPool-test-thread-4] ERROR MessageUtil - adventureBossRankInfo is null
2023-11-20 20:38:00.881 [ScheduleThreadPool-test-thread-2] ERROR MessageUtil - adventureBossRankInfo is null
2023-11-20 20:39:00.881 [ScheduleThreadPool-test-thread-7] ERROR MessageUtil - adventureBossRankInfo is null
2023-11-20 20:40:00.881 [ScheduleThreadPool-test-thread-8] ERROR MessageUtil - adventureBossRankInfo is null
2023-11-20 20:41:00.881 [ScheduleThreadPool-test-thread-3] ERROR MessageUtil - adventureBossRankInfo is null
2023-11-20 20:42:00.881 [ScheduleThreadPool-test-thread-7] ERROR MessageUtil - adventureBossRankInfo is null
2023-11-20 20:43:00.881 [ScheduleThreadPool-test-thread-4] ERROR MessageUtil - adventureBossRankInfo is null
2023-11-20 20:44:00.881 [ScheduleThreadPool-test-thread-5] ERROR MessageUtil - adventureBossRankInfo is null
2023-11-20 20:45:00.881 [ScheduleThreadPool-test-thread-8] ERROR MessageUtil - adventureBossRankInfo is null
2023-11-20 20:46:00.881 [ScheduleThreadPool-test-thread-4] ERROR MessageUtil - adventureBossRankInfo is null
2023-11-20 20:47:00.881 [ScheduleThreadPool-test-thread-4] ERROR MessageUtil - adventureBossRankInfo is null
2023-11-20 20:48:00.881 [ScheduleThreadPool-test-thread-6] ERROR MessageUtil - adventureBossRankInfo is null
2023-11-20 20:49:00.881 [ScheduleThreadPool-test-thread-1] ERROR MessageUtil - adventureBossRankInfo is null
2023-11-20 20:50:00.881 [ScheduleThreadPool-test-thread-3] ERROR MessageUtil - adventureBossRankInfo is null
2023-11-20 20:51:00.882 [ScheduleThreadPool-test-thread-8] ERROR MessageUtil - adventureBossRankInfo is null
2023-11-20 20:52:00.884 [ScheduleThreadPool-test-thread-2] ERROR MessageUtil - adventureBossRankInfo is null
2023-11-20 20:53:00.881 [ScheduleThreadPool-test-thread-7] ERROR MessageUtil - adventureBossRankInfo is null
2023-11-20 20:54:00.882 [ScheduleThreadPool-test-thread-7] ERROR MessageUtil - adventureBossRankInfo is null
2023-11-20 20:55:00.881 [ScheduleThreadPool-test-thread-4] ERROR MessageUtil - adventureBossRankInfo is null
2023-11-20 20:56:00.883 [ScheduleThreadPool-test-thread-2] ERROR MessageUtil - adventureBossRankInfo is null
2023-11-20 20:57:00.881 [ScheduleThreadPool-test-thread-1] ERROR MessageUtil - adventureBossRankInfo is null
2023-11-20 20:58:00.881 [ScheduleThreadPool-test-thread-7] ERROR MessageUtil - adventureBossRankInfo is null
2023-11-20 20:59:00.881 [ScheduleThreadPool-test-thread-7] ERROR MessageUtil - adventureBossRankInfo is null
2023-11-20 21:00:00.881 [ScheduleThreadPool-test-thread-3] ERROR MessageUtil - adventureBossRankInfo is null
2023-11-20 21:01:00.881 [ScheduleThreadPool-test-thread-6] ERROR MessageUtil - adventureBossRankInfo is null
2023-11-20 21:02:00.882 [ScheduleThreadPool-test-thread-2] ERROR MessageUtil - adventureBossRankInfo is null
2023-11-20 21:03:00.881 [ScheduleThreadPool-test-thread-7] ERROR MessageUtil - adventureBossRankInfo is null
2023-11-20 21:04:00.881 [ScheduleThreadPool-test-thread-7] ERROR MessageUtil - adventureBossRankInfo is null
2023-11-20 21:05:00.881 [ScheduleThreadPool-test-thread-2] ERROR MessageUtil - adventureBossRankInfo is null
2023-11-20 21:06:00.881 [ScheduleThreadPool-test-thread-4] ERROR MessageUtil - adventureBossRankInfo is null
2023-11-20 21:07:00.881 [ScheduleThreadPool-test-thread-4] ERROR MessageUtil - adventureBossRankInfo is null
2023-11-20 21:08:00.881 [ScheduleThreadPool-test-thread-4] ERROR MessageUtil - adventureBossRankInfo is null
2023-11-20 21:09:00.881 [ScheduleThreadPool-test-thread-1] ERROR MessageUtil - adventureBossRankInfo is null
2023-11-20 21:10:00.885 [ScheduleThreadPool-test-thread-1] ERROR MessageUtil - adventureBossRankInfo is null
2023-11-20 21:11:00.881 [ScheduleThreadPool-test-thread-1] ERROR MessageUtil - adventureBossRankInfo is null
2023-11-20 21:12:00.881 [ScheduleThreadPool-test-thread-1] ERROR MessageUtil - adventureBossRankInfo is null
2023-11-20 21:13:00.881 [ScheduleThreadPool-test-thread-4] ERROR MessageUtil - adventureBossRankInfo is null
2023-11-20 21:14:00.881 [ScheduleThreadPool-test-thread-6] ERROR MessageUtil - adventureBossRankInfo is null
2023-11-20 21:15:00.881 [ScheduleThreadPool-test-thread-1] ERROR MessageUtil - adventureBossRankInfo is null
2023-11-20 21:16:00.882 [ScheduleThreadPool-test-thread-5] ERROR MessageUtil - adventureBossRankInfo is null
2023-11-20 21:17:00.886 [ScheduleThreadPool-test-thread-2] ERROR MessageUtil - adventureBossRankInfo is null
2023-11-20 21:18:00.881 [ScheduleThreadPool-test-thread-3] ERROR MessageUtil - adventureBossRankInfo is null
2023-11-20 21:19:00.881 [ScheduleThreadPool-test-thread-2] ERROR MessageUtil - adventureBossRankInfo is null
2023-11-20 21:20:00.881 [ScheduleThreadPool-test-thread-8] ERROR MessageUtil - adventureBossRankInfo is null
2023-11-20 21:21:00.881 [ScheduleThreadPool-test-thread-5] ERROR MessageUtil - adventureBossRankInfo is null
2023-11-20 21:22:00.881 [ScheduleThreadPool-test-thread-5] ERROR MessageUtil - adventureBossRankInfo is null
2023-11-20 21:23:00.881 [ScheduleThreadPool-test-thread-6] ERROR MessageUtil - adventureBossRankInfo is null
2023-11-20 21:24:00.881 [ScheduleThreadPool-test-thread-5] ERROR MessageUtil - adventureBossRankInfo is null
2023-11-20 21:25:00.881 [ScheduleThreadPool-test-thread-8] ERROR MessageUtil - adventureBossRankInfo is null
2023-11-20 21:26:00.881 [ScheduleThreadPool-test-thread-4] ERROR MessageUtil - adventureBossRankInfo is null
2023-11-20 21:27:00.881 [ScheduleThreadPool-test-thread-8] ERROR MessageUtil - adventureBossRankInfo is null
2023-11-20 21:28:00.881 [ScheduleThreadPool-test-thread-7] ERROR MessageUtil - adventureBossRankInfo is null
2023-11-20 21:29:00.881 [ScheduleThreadPool-test-thread-3] ERROR MessageUtil - adventureBossRankInfo is null
2023-11-20 21:30:00.881 [ScheduleThreadPool-test-thread-3] ERROR MessageUtil - adventureBossRankInfo is null
2023-11-20 21:31:00.881 [ScheduleThreadPool-test-thread-6] ERROR MessageUtil - adventureBossRankInfo is null
2023-11-20 21:32:00.881 [ScheduleThreadPool-test-thread-8] ERROR MessageUtil - adventureBossRankInfo is null
2023-11-20 21:33:00.881 [ScheduleThreadPool-test-thread-6] ERROR MessageUtil - adventureBossRankInfo is null
2023-11-20 21:34:00.881 [ScheduleThreadPool-test-thread-4] ERROR MessageUtil - adventureBossRankInfo is null
2023-11-20 21:35:00.881 [ScheduleThreadPool-test-thread-7] ERROR MessageUtil - adventureBossRankInfo is null
2023-11-20 21:36:00.881 [ScheduleThreadPool-test-thread-3] ERROR MessageUtil - adventureBossRankInfo is null
2023-11-20 21:37:00.884 [ScheduleThreadPool-test-thread-5] ERROR MessageUtil - adventureBossRankInfo is null
2023-11-20 21:38:00.881 [ScheduleThreadPool-test-thread-4] ERROR MessageUtil - adventureBossRankInfo is null
2023-11-20 21:39:00.881 [ScheduleThreadPool-test-thread-3] ERROR MessageUtil - adventureBossRankInfo is null
2023-11-20 21:40:00.881 [ScheduleThreadPool-test-thread-3] ERROR MessageUtil - adventureBossRankInfo is null
2023-11-20 21:41:00.881 [ScheduleThreadPool-test-thread-6] ERROR MessageUtil - adventureBossRankInfo is null
2023-11-20 21:42:00.881 [ScheduleThreadPool-test-thread-8] ERROR MessageUtil - adventureBossRankInfo is null
2023-11-20 21:43:00.881 [ScheduleThreadPool-test-thread-3] ERROR MessageUtil - adventureBossRankInfo is null
2023-11-20 21:44:00.881 [ScheduleThreadPool-test-thread-7] ERROR MessageUtil - adventureBossRankInfo is null
2023-11-20 21:45:00.880 [ScheduleThreadPool-test-thread-3] ERROR MessageUtil - adventureBossRankInfo is null
2023-11-20 21:46:00.881 [ScheduleThreadPool-test-thread-6] ERROR MessageUtil - adventureBossRankInfo is null
2023-11-20 21:47:00.881 [ScheduleThreadPool-test-thread-8] ERROR MessageUtil - adventureBossRankInfo is null
2023-11-20 21:48:00.881 [ScheduleThreadPool-test-thread-4] ERROR MessageUtil - adventureBossRankInfo is null
2023-11-20 21:49:00.881 [ScheduleThreadPool-test-thread-4] ERROR MessageUtil - adventureBossRankInfo is null
2023-11-20 21:50:00.882 [ScheduleThreadPool-test-thread-5] ERROR MessageUtil - adventureBossRankInfo is null
2023-11-20 21:51:00.887 [ScheduleThreadPool-test-thread-7] ERROR MessageUtil - adventureBossRankInfo is null
2023-11-20 21:52:00.880 [ScheduleThreadPool-test-thread-2] ERROR MessageUtil - adventureBossRankInfo is null
2023-11-20 21:53:00.881 [ScheduleThreadPool-test-thread-5] ERROR MessageUtil - adventureBossRankInfo is null
2023-11-20 21:54:00.881 [ScheduleThreadPool-test-thread-7] ERROR MessageUtil - adventureBossRankInfo is null
2023-11-20 21:55:00.881 [ScheduleThreadPool-test-thread-5] ERROR MessageUtil - adventureBossRankInfo is null
2023-11-20 21:56:00.881 [ScheduleThreadPool-test-thread-3] ERROR MessageUtil - adventureBossRankInfo is null
2023-11-20 21:57:00.887 [ScheduleThreadPool-test-thread-6] ERROR MessageUtil - adventureBossRankInfo is null
2023-11-20 21:58:00.881 [ScheduleThreadPool-test-thread-8] ERROR MessageUtil - adventureBossRankInfo is null
2023-11-20 21:59:00.881 [ScheduleThreadPool-test-thread-4] ERROR MessageUtil - adventureBossRankInfo is null
2023-11-20 22:00:00.881 [ScheduleThreadPool-test-thread-6] ERROR MessageUtil - adventureBossRankInfo is null
2023-11-20 22:01:00.881 [ScheduleThreadPool-test-thread-4] ERROR MessageUtil - adventureBossRankInfo is null
2023-11-20 22:02:00.881 [ScheduleThreadPool-test-thread-4] ERROR MessageUtil - adventureBossRankInfo is null
2023-11-20 22:03:00.880 [ScheduleThreadPool-test-thread-4] ERROR MessageUtil - adventureBossRankInfo is null
2023-11-20 22:04:00.881 [ScheduleThreadPool-test-thread-5] ERROR MessageUtil - adventureBossRankInfo is null
2023-11-20 22:05:00.881 [ScheduleThreadPool-test-thread-4] ERROR MessageUtil - adventureBossRankInfo is null
2023-11-20 22:06:00.881 [ScheduleThreadPool-test-thread-2] ERROR MessageUtil - adventureBossRankInfo is null
2023-11-20 22:07:00.881 [ScheduleThreadPool-test-thread-8] ERROR MessageUtil - adventureBossRankInfo is null
2023-11-20 22:08:00.880 [ScheduleThreadPool-test-thread-3] ERROR MessageUtil - adventureBossRankInfo is null
2023-11-20 22:09:00.880 [ScheduleThreadPool-test-thread-2] ERROR MessageUtil - adventureBossRankInfo is null
2023-11-20 22:10:00.880 [ScheduleThreadPool-test-thread-6] ERROR MessageUtil - adventureBossRankInfo is null
2023-11-20 22:11:00.880 [ScheduleThreadPool-test-thread-7] ERROR MessageUtil - adventureBossRankInfo is null
2023-11-20 22:12:00.881 [ScheduleThreadPool-test-thread-7] ERROR MessageUtil - adventureBossRankInfo is null
2023-11-20 22:13:00.881 [ScheduleThreadPool-test-thread-2] ERROR MessageUtil - adventureBossRankInfo is null
2023-11-20 22:14:00.881 [ScheduleThreadPool-test-thread-6] ERROR MessageUtil - adventureBossRankInfo is null
2023-11-20 22:15:00.881 [ScheduleThreadPool-test-thread-4] ERROR MessageUtil - adventureBossRankInfo is null
2023-11-20 22:16:00.881 [ScheduleThreadPool-test-thread-7] ERROR MessageUtil - adventureBossRankInfo is null
2023-11-20 22:17:00.881 [ScheduleThreadPool-test-thread-5] ERROR MessageUtil - adventureBossRankInfo is null
2023-11-20 22:18:00.881 [ScheduleThreadPool-test-thread-6] ERROR MessageUtil - adventureBossRankInfo is null
2023-11-20 22:19:00.881 [ScheduleThreadPool-test-thread-7] ERROR MessageUtil - adventureBossRankInfo is null
2023-11-20 22:20:00.882 [ScheduleThreadPool-test-thread-7] ERROR MessageUtil - adventureBossRankInfo is null
2023-11-20 22:21:00.881 [ScheduleThreadPool-test-thread-3] ERROR MessageUtil - adventureBossRankInfo is null
2023-11-20 22:22:00.881 [ScheduleThreadPool-test-thread-2] ERROR MessageUtil - adventureBossRankInfo is null
2023-11-20 22:23:00.881 [ScheduleThreadPool-test-thread-5] ERROR MessageUtil - adventureBossRankInfo is null
2023-11-20 22:24:00.884 [ScheduleThreadPool-test-thread-8] ERROR MessageUtil - adventureBossRankInfo is null
2023-11-20 22:25:00.881 [ScheduleThreadPool-test-thread-3] ERROR MessageUtil - adventureBossRankInfo is null
2023-11-20 22:26:01.922 [ScheduleThreadPool-test-thread-2] ERROR MessageUtil - adventureBossRankInfo is null
2023-11-20 22:27:00.881 [ScheduleThreadPool-test-thread-5] ERROR MessageUtil - adventureBossRankInfo is null
2023-11-20 22:28:00.880 [ScheduleThreadPool-test-thread-4] ERROR MessageUtil - adventureBossRankInfo is null
2023-11-20 22:29:00.880 [ScheduleThreadPool-test-thread-8] ERROR MessageUtil - adventureBossRankInfo is null
2023-11-20 22:30:00.881 [ScheduleThreadPool-test-thread-8] ERROR MessageUtil - adventureBossRankInfo is null
2023-11-20 22:31:00.881 [ScheduleThreadPool-test-thread-1] ERROR MessageUtil - adventureBossRankInfo is null
2023-11-20 22:32:00.880 [ScheduleThreadPool-test-thread-4] ERROR MessageUtil - adventureBossRankInfo is null
2023-11-20 22:33:00.880 [ScheduleThreadPool-test-thread-6] ERROR MessageUtil - adventureBossRankInfo is null
2023-11-20 22:34:00.882 [ScheduleThreadPool-test-thread-6] ERROR MessageUtil - adventureBossRankInfo is null
2023-11-20 22:35:00.880 [ScheduleThreadPool-test-thread-1] ERROR MessageUtil - adventureBossRankInfo is null
2023-11-20 22:36:00.881 [ScheduleThreadPool-test-thread-6] ERROR MessageUtil - adventureBossRankInfo is null
2023-11-20 22:37:00.880 [ScheduleThreadPool-test-thread-5] ERROR MessageUtil - adventureBossRankInfo is null
2023-11-20 22:38:00.880 [ScheduleThreadPool-test-thread-1] ERROR MessageUtil - adventureBossRankInfo is null
2023-11-20 22:39:00.881 [ScheduleThreadPool-test-thread-7] ERROR MessageUtil - adventureBossRankInfo is null
2023-11-20 22:40:00.881 [ScheduleThreadPool-test-thread-1] ERROR MessageUtil - adventureBossRankInfo is null
2023-11-20 22:41:00.880 [ScheduleThreadPool-test-thread-1] ERROR MessageUtil - adventureBossRankInfo is null
2023-11-20 22:42:00.880 [ScheduleThreadPool-test-thread-3] ERROR MessageUtil - adventureBossRankInfo is null
2023-11-20 22:43:00.881 [ScheduleThreadPool-test-thread-7] ERROR MessageUtil - adventureBossRankInfo is null
2023-11-20 22:44:00.880 [ScheduleThreadPool-test-thread-1] ERROR MessageUtil - adventureBossRankInfo is null
2023-11-20 22:45:00.881 [ScheduleThreadPool-test-thread-4] ERROR MessageUtil - adventureBossRankInfo is null
2023-11-20 22:46:00.880 [ScheduleThreadPool-test-thread-7] ERROR MessageUtil - adventureBossRankInfo is null
2023-11-20 22:47:00.881 [ScheduleThreadPool-test-thread-7] ERROR MessageUtil - adventureBossRankInfo is null
2023-11-20 22:48:00.880 [ScheduleThreadPool-test-thread-7] ERROR MessageUtil - adventureBossRankInfo is null
2023-11-20 22:49:00.881 [ScheduleThreadPool-test-thread-2] ERROR MessageUtil - adventureBossRankInfo is null
2023-11-20 22:50:00.880 [ScheduleThreadPool-test-thread-5] ERROR MessageUtil - adventureBossRankInfo is null
2023-11-20 22:51:00.883 [ScheduleThreadPool-test-thread-7] ERROR MessageUtil - adventureBossRankInfo is null
2023-11-20 22:52:00.880 [ScheduleThreadPool-test-thread-5] ERROR MessageUtil - adventureBossRankInfo is null
2023-11-20 22:53:00.881 [ScheduleThreadPool-test-thread-3] ERROR MessageUtil - adventureBossRankInfo is null
2023-11-20 22:54:00.880 [ScheduleThreadPool-test-thread-5] ERROR MessageUtil - adventureBossRankInfo is null
2023-11-20 22:55:00.881 [ScheduleThreadPool-test-thread-6] ERROR MessageUtil - adventureBossRankInfo is null
2023-11-20 22:56:00.881 [ScheduleThreadPool-test-thread-3] ERROR MessageUtil - adventureBossRankInfo is null
2023-11-20 22:57:00.880 [ScheduleThreadPool-test-thread-7] ERROR MessageUtil - adventureBossRankInfo is null
2023-11-20 22:58:00.880 [ScheduleThreadPool-test-thread-4] ERROR MessageUtil - adventureBossRankInfo is null
2023-11-20 22:59:00.881 [ScheduleThreadPool-test-thread-2] ERROR MessageUtil - adventureBossRankInfo is null
2023-11-20 23:00:00.880 [ScheduleThreadPool-test-thread-4] ERROR MessageUtil - adventureBossRankInfo is null
2023-11-20 23:01:00.880 [ScheduleThreadPool-test-thread-4] ERROR MessageUtil - adventureBossRankInfo is null
2023-11-20 23:02:00.880 [ScheduleThreadPool-test-thread-5] ERROR MessageUtil - adventureBossRankInfo is null
2023-11-20 23:03:00.881 [ScheduleThreadPool-test-thread-1] ERROR MessageUtil - adventureBossRankInfo is null
2023-11-20 23:04:00.880 [ScheduleThreadPool-test-thread-7] ERROR MessageUtil - adventureBossRankInfo is null
2023-11-20 23:05:00.880 [ScheduleThreadPool-test-thread-7] ERROR MessageUtil - adventureBossRankInfo is null
2023-11-20 23:06:00.880 [ScheduleThreadPool-test-thread-7] ERROR MessageUtil - adventureBossRankInfo is null
2023-11-20 23:07:00.880 [ScheduleThreadPool-test-thread-4] ERROR MessageUtil - adventureBossRankInfo is null
2023-11-20 23:08:00.880 [ScheduleThreadPool-test-thread-3] ERROR MessageUtil - adventureBossRankInfo is null
2023-11-20 23:09:00.881 [ScheduleThreadPool-test-thread-7] ERROR MessageUtil - adventureBossRankInfo is null
2023-11-20 23:10:00.881 [ScheduleThreadPool-test-thread-7] ERROR MessageUtil - adventureBossRankInfo is null
2023-11-20 23:11:00.880 [ScheduleThreadPool-test-thread-3] ERROR MessageUtil - adventureBossRankInfo is null
2023-11-20 23:12:00.880 [ScheduleThreadPool-test-thread-5] ERROR MessageUtil - adventureBossRankInfo is null
2023-11-20 23:13:00.880 [ScheduleThreadPool-test-thread-3] ERROR MessageUtil - adventureBossRankInfo is null
2023-11-20 23:14:00.880 [ScheduleThreadPool-test-thread-7] ERROR MessageUtil - adventureBossRankInfo is null
2023-11-20 23:15:00.881 [ScheduleThreadPool-test-thread-5] ERROR MessageUtil - adventureBossRankInfo is null
2023-11-20 23:16:00.880 [ScheduleThreadPool-test-thread-1] ERROR MessageUtil - adventureBossRankInfo is null
2023-11-20 23:17:00.880 [ScheduleThreadPool-test-thread-1] ERROR MessageUtil - adventureBossRankInfo is null
2023-11-20 23:18:00.881 [ScheduleThreadPool-test-thread-3] ERROR MessageUtil - adventureBossRankInfo is null
2023-11-20 23:19:00.880 [ScheduleThreadPool-test-thread-1] ERROR MessageUtil - adventureBossRankInfo is null
2023-11-20 23:20:00.880 [ScheduleThreadPool-test-thread-7] ERROR MessageUtil - adventureBossRankInfo is null
2023-11-20 23:21:00.881 [ScheduleThreadPool-test-thread-2] ERROR MessageUtil - adventureBossRankInfo is null
2023-11-20 23:22:00.880 [ScheduleThreadPool-test-thread-7] ERROR MessageUtil - adventureBossRankInfo is null
2023-11-20 23:23:00.881 [ScheduleThreadPool-test-thread-1] ERROR MessageUtil - adventureBossRankInfo is null
2023-11-20 23:24:00.880 [ScheduleThreadPool-test-thread-4] ERROR MessageUtil - adventureBossRankInfo is null
2023-11-20 23:25:00.881 [ScheduleThreadPool-test-thread-6] ERROR MessageUtil - adventureBossRankInfo is null
2023-11-20 23:26:00.881 [ScheduleThreadPool-test-thread-6] ERROR MessageUtil - adventureBossRankInfo is null
2023-11-20 23:27:00.881 [ScheduleThreadPool-test-thread-4] ERROR MessageUtil - adventureBossRankInfo is null
2023-11-20 23:28:00.881 [ScheduleThreadPool-test-thread-7] ERROR MessageUtil - adventureBossRankInfo is null
2023-11-20 23:29:00.880 [ScheduleThreadPool-test-thread-3] ERROR MessageUtil - adventureBossRankInfo is null
2023-11-20 23:30:00.882 [ScheduleThreadPool-test-thread-4] ERROR MessageUtil - adventureBossRankInfo is null
2023-11-20 23:31:00.880 [ScheduleThreadPool-test-thread-8] ERROR MessageUtil - adventureBossRankInfo is null
2023-11-20 23:32:00.880 [ScheduleThreadPool-test-thread-2] ERROR MessageUtil - adventureBossRankInfo is null
2023-11-20 23:33:00.880 [ScheduleThreadPool-test-thread-8] ERROR MessageUtil - adventureBossRankInfo is null
2023-11-20 23:34:00.881 [ScheduleThreadPool-test-thread-3] ERROR MessageUtil - adventureBossRankInfo is null
2023-11-20 23:35:00.880 [ScheduleThreadPool-test-thread-2] ERROR MessageUtil - adventureBossRankInfo is null
2023-11-20 23:36:00.880 [ScheduleThreadPool-test-thread-2] ERROR MessageUtil - adventureBossRankInfo is null
2023-11-20 23:37:00.880 [ScheduleThreadPool-test-thread-6] ERROR MessageUtil - adventureBossRankInfo is null
2023-11-20 23:38:00.881 [ScheduleThreadPool-test-thread-6] ERROR MessageUtil - adventureBossRankInfo is null
2023-11-20 23:39:00.881 [ScheduleThreadPool-test-thread-5] ERROR MessageUtil - adventureBossRankInfo is null
2023-11-20 23:40:00.881 [ScheduleThreadPool-test-thread-4] ERROR MessageUtil - adventureBossRankInfo is null
2023-11-20 23:41:00.880 [ScheduleThreadPool-test-thread-6] ERROR MessageUtil - adventureBossRankInfo is null
2023-11-20 23:42:00.880 [ScheduleThreadPool-test-thread-2] ERROR MessageUtil - adventureBossRankInfo is null
2023-11-20 23:43:00.881 [ScheduleThreadPool-test-thread-5] ERROR MessageUtil - adventureBossRankInfo is null
2023-11-20 23:44:00.882 [ScheduleThreadPool-test-thread-3] ERROR MessageUtil - adventureBossRankInfo is null
2023-11-20 23:45:00.880 [ScheduleThreadPool-test-thread-8] ERROR MessageUtil - adventureBossRankInfo is null
2023-11-20 23:46:00.881 [ScheduleThreadPool-test-thread-8] ERROR MessageUtil - adventureBossRankInfo is null
2023-11-20 23:47:00.880 [ScheduleThreadPool-test-thread-3] ERROR MessageUtil - adventureBossRankInfo is null
2023-11-20 23:48:00.880 [ScheduleThreadPool-test-thread-8] ERROR MessageUtil - adventureBossRankInfo is null
2023-11-20 23:49:00.881 [ScheduleThreadPool-test-thread-4] ERROR MessageUtil - adventureBossRankInfo is null
2023-11-20 23:50:00.880 [ScheduleThreadPool-test-thread-6] ERROR MessageUtil - adventureBossRankInfo is null
2023-11-20 23:51:00.881 [ScheduleThreadPool-test-thread-4] ERROR MessageUtil - adventureBossRankInfo is null
2023-11-20 23:52:00.880 [ScheduleThreadPool-test-thread-7] ERROR MessageUtil - adventureBossRankInfo is null
2023-11-20 23:53:00.880 [ScheduleThreadPool-test-thread-6] ERROR MessageUtil - adventureBossRankInfo is null
2023-11-20 23:54:00.880 [ScheduleThreadPool-test-thread-1] ERROR MessageUtil - adventureBossRankInfo is null
2023-11-20 23:55:00.880 [ScheduleThreadPool-test-thread-8] ERROR MessageUtil - adventureBossRankInfo is null
2023-11-20 23:56:00.880 [ScheduleThreadPool-test-thread-8] ERROR MessageUtil - adventureBossRankInfo is null
2023-11-20 23:57:00.880 [ScheduleThreadPool-test-thread-3] ERROR MessageUtil - adventureBossRankInfo is null
2023-11-20 23:58:00.881 [ScheduleThreadPool-test-thread-4] ERROR MessageUtil - adventureBossRankInfo is null
2023-11-20 23:59:00.882 [ScheduleThreadPool-test-thread-7] ERROR MessageUtil - adventureBossRankInfo is null
