2023-11-22 12:09:27.194 [pool-4-thread-2] ERROR TThreadPoolServer - Thrift error occurred during processing of message.
org.apache.thrift.protocol.TProtocolException: Missing version in readMessageBegin, old client?
	at org.apache.thrift.protocol.TBinaryProtocol.readMessageBegin(TBinaryProtocol.java:228)
	at org.apache.thrift.TBaseProcessor.process(TBaseProcessor.java:27)
	at org.apache.thrift.server.TThreadPoolServer$WorkerProcess.run(TThreadPoolServer.java:285)
	at java.util.concurrent.ThreadPoolExecutor.runWorker(ThreadPoolExecutor.java:1149)
	at java.util.concurrent.ThreadPoolExecutor$Worker.run(ThreadPoolExecutor.java:624)
	at java.lang.Thread.run(Thread.java:750)
2023-11-22 12:09:40.301 [pool-4-thread-3] ERROR TThreadPoolServer - Thrift error occurred during processing of message.
org.apache.thrift.protocol.TProtocolException: Missing version in readMessageBegin, old client?
	at org.apache.thrift.protocol.TBinaryProtocol.readMessageBegin(TBinaryProtocol.java:228)
	at org.apache.thrift.TBaseProcessor.process(TBaseProcessor.java:27)
	at org.apache.thrift.server.TThreadPoolServer$WorkerProcess.run(TThreadPoolServer.java:285)
	at java.util.concurrent.ThreadPoolExecutor.runWorker(ThreadPoolExecutor.java:1149)
	at java.util.concurrent.ThreadPoolExecutor$Worker.run(ThreadPoolExecutor.java:624)
	at java.lang.Thread.run(Thread.java:750)
2023-11-22 12:55:52.147 [pool-4-thread-1] ERROR TThreadPoolServer - Thrift error occurred during processing of message.
org.apache.thrift.protocol.TProtocolException: Bad version in readMessageBegin
	at org.apache.thrift.protocol.TBinaryProtocol.readMessageBegin(TBinaryProtocol.java:223)
	at org.apache.thrift.TBaseProcessor.process(TBaseProcessor.java:27)
	at org.apache.thrift.server.TThreadPoolServer$WorkerProcess.run(TThreadPoolServer.java:285)
	at java.util.concurrent.ThreadPoolExecutor.runWorker(ThreadPoolExecutor.java:1149)
	at java.util.concurrent.ThreadPoolExecutor$Worker.run(ThreadPoolExecutor.java:624)
	at java.lang.Thread.run(Thread.java:750)
2023-11-22 12:57:25.076 [rpc] ERROR RPCServerTask - run->Could not create ServerSocket on address /82.156.139.6:17181.
org.apache.thrift.transport.TTransportException: Could not create ServerSocket on address /82.156.139.6:17181.
	at org.apache.thrift.transport.TServerSocket.<init>(TServerSocket.java:109)
	at org.apache.thrift.transport.TServerSocket.<init>(TServerSocket.java:91)
	at org.apache.thrift.transport.TServerSocket.<init>(TServerSocket.java:87)
	at com.chat.network.pool.RPCServerTask.run(RPCServerTask.java:38)
2023-11-22 12:58:02.394 [rpc] ERROR RPCServerTask - run->Could not create ServerSocket on address /82.156.139.6:17181.
org.apache.thrift.transport.TTransportException: Could not create ServerSocket on address /82.156.139.6:17181.
	at org.apache.thrift.transport.TServerSocket.<init>(TServerSocket.java:109)
	at org.apache.thrift.transport.TServerSocket.<init>(TServerSocket.java:91)
	at org.apache.thrift.transport.TServerSocket.<init>(TServerSocket.java:87)
	at com.chat.network.pool.RPCServerTask.run(RPCServerTask.java:38)
