[INFO] - 2025-07-29 16:26:18.354 - [main] - ChatServerApplication#48 - INFO:Starting ChatServerApplication on WANGXUFENGs-Mac-Pro.local with PID 4606 (/Users/wangxufeng/Documents/TimeSpaceServer/skzc/home/java/chatserver/chatserver-1.0.0.jar started by root in /Users/wangxufeng/Documents/TimeSpaceServer/skzc/home/java/chatserver)
[INFO] - 2025-07-29 16:26:18.355 - [main] - ChatServerApplication#593 - INFO:No active profile set, falling back to default profiles: default
[INFO] - 2025-07-29 16:26:18.378 - [main] - AnnotationConfigApplicationContext#583 - INFO:Refreshing org.springframework.context.annotation.AnnotationConfigApplicationContext@4f638935: startup date [Tue Jul 29 16:26:18 CST 2025]; root of context hierarchy
[INFO] - 2025-07-29 16:26:18.585 - [main] - RepositoryConfigurationDelegate#165 - INFO:Multiple Spring Data modules found, entering strict repository configuration mode!
[INFO] - 2025-07-29 16:26:18.620 - [main] - RepositoryConfigurationDelegate#165 - INFO:Multiple Spring Data modules found, entering strict repository configuration mode!
[INFO] - 2025-07-29 16:26:19.011 - [main] - cluster#71 - INFO:Cluster created with settings {hosts=[localhost:27017], mode=SINGLE, requiredClusterType=UNKNOWN, serverSelectionTimeout='30000 ms', maxWaitQueueSize=500}
[INFO] - 2025-07-29 16:26:19.049 - [cluster-ClusterId{value='688885abbfca1611fedad057', description='null'}-localhost:27017] - connection#71 - INFO:Opened connection [connectionId{localValue:1}] to localhost:27017
[INFO] - 2025-07-29 16:26:19.050 - [cluster-ClusterId{value='688885abbfca1611fedad057', description='null'}-localhost:27017] - cluster#71 - INFO:Monitor thread successfully connected to server with description ServerDescription{address=localhost:27017, type=STANDALONE, state=CONNECTED, ok=true, version=ServerVersion{versionList=[8, 0, 6]}, minWireVersion=0, maxWireVersion=25, maxDocumentSize=16777216, roundTripTimeNanos=315271}
[INFO] - 2025-07-29 16:26:19.174 - [main] - AnnotationMBeanExporter#431 - INFO:Registering beans for JMX exposure on startup
[INFO] - 2025-07-29 16:26:19.183 - [main] - ChatServerApplication#57 - INFO:Started ChatServerApplication in 6.039 seconds (JVM running for 6.237)
[INFO] - 2025-07-29 16:26:19.183 - [main] - ThreadManager#70 - INFO:delayForMinute---->>>>41
[INFO] - 2025-07-29 16:26:19.225 - [main] - ChatServerApplication#55 - INFO:ServerProperties ->CoreSettings{ip='0.0.0.0', port=17181, id=1, weight=5, worldip='null', worldport=0}
[INFO] - 2025-07-29 16:26:19.225 - [rpc] - RPCServerTask#39 - INFO:run->coreip=0.0.0.0,corePort=17181
[INFO] - 2025-07-29 16:26:19.228 - [rpc] - RPCServerTask#46 - INFO:run->RPC services is starting.
[INFO] - 2025-07-29 16:27:00.187 - [ScheduleThreadPool-test-thread-1] - MinuteTask#24 - INFO:MinuteTask start...
[INFO] - 2025-07-29 16:27:00.187 - [ScheduleThreadPool-test-thread-1] - MinuteTask#25 - INFO:MinuteTask end...
[INFO] - 2025-07-29 16:28:00.186 - [ScheduleThreadPool-test-thread-1] - MinuteTask#24 - INFO:MinuteTask start...
[INFO] - 2025-07-29 16:28:00.186 - [ScheduleThreadPool-test-thread-1] - MinuteTask#25 - INFO:MinuteTask end...
[INFO] - 2025-07-29 16:29:00.184 - [ScheduleThreadPool-test-thread-2] - MinuteTask#24 - INFO:MinuteTask start...
[INFO] - 2025-07-29 16:29:00.185 - [ScheduleThreadPool-test-thread-2] - MinuteTask#25 - INFO:MinuteTask end...
[INFO] - 2025-07-29 16:30:00.185 - [ScheduleThreadPool-test-thread-1] - MinuteTask#24 - INFO:MinuteTask start...
[INFO] - 2025-07-29 16:30:00.185 - [ScheduleThreadPool-test-thread-1] - MinuteTask#25 - INFO:MinuteTask end...
[INFO] - 2025-07-29 16:31:00.185 - [ScheduleThreadPool-test-thread-3] - MinuteTask#24 - INFO:MinuteTask start...
[INFO] - 2025-07-29 16:31:00.185 - [ScheduleThreadPool-test-thread-3] - MinuteTask#25 - INFO:MinuteTask end...
[INFO] - 2025-07-29 16:32:00.189 - [ScheduleThreadPool-test-thread-2] - MinuteTask#24 - INFO:MinuteTask start...
[INFO] - 2025-07-29 16:32:00.190 - [ScheduleThreadPool-test-thread-2] - MinuteTask#25 - INFO:MinuteTask end...
[INFO] - 2025-07-29 16:33:00.186 - [ScheduleThreadPool-test-thread-4] - MinuteTask#24 - INFO:MinuteTask start...
[INFO] - 2025-07-29 16:33:00.186 - [ScheduleThreadPool-test-thread-4] - MinuteTask#25 - INFO:MinuteTask end...
[INFO] - 2025-07-29 16:34:00.188 - [ScheduleThreadPool-test-thread-1] - MinuteTask#24 - INFO:MinuteTask start...
[INFO] - 2025-07-29 16:34:00.189 - [ScheduleThreadPool-test-thread-1] - MinuteTask#25 - INFO:MinuteTask end...
[INFO] - 2025-07-29 16:35:00.188 - [ScheduleThreadPool-test-thread-1] - MinuteTask#24 - INFO:MinuteTask start...
[INFO] - 2025-07-29 16:35:00.189 - [ScheduleThreadPool-test-thread-1] - MinuteTask#25 - INFO:MinuteTask end...
[INFO] - 2025-07-29 16:36:00.187 - [ScheduleThreadPool-test-thread-1] - MinuteTask#24 - INFO:MinuteTask start...
[INFO] - 2025-07-29 16:36:00.187 - [ScheduleThreadPool-test-thread-1] - MinuteTask#25 - INFO:MinuteTask end...
[INFO] - 2025-07-29 16:37:00.188 - [ScheduleThreadPool-test-thread-1] - MinuteTask#24 - INFO:MinuteTask start...
[INFO] - 2025-07-29 16:37:00.189 - [ScheduleThreadPool-test-thread-1] - MinuteTask#25 - INFO:MinuteTask end...
[INFO] - 2025-07-29 16:38:00.188 - [ScheduleThreadPool-test-thread-1] - MinuteTask#24 - INFO:MinuteTask start...
[INFO] - 2025-07-29 16:38:00.188 - [ScheduleThreadPool-test-thread-1] - MinuteTask#25 - INFO:MinuteTask end...
[INFO] - 2025-07-29 16:39:00.186 - [ScheduleThreadPool-test-thread-1] - MinuteTask#24 - INFO:MinuteTask start...
[INFO] - 2025-07-29 16:39:00.186 - [ScheduleThreadPool-test-thread-1] - MinuteTask#25 - INFO:MinuteTask end...
[INFO] - 2025-07-29 16:40:00.187 - [ScheduleThreadPool-test-thread-1] - MinuteTask#24 - INFO:MinuteTask start...
[INFO] - 2025-07-29 16:40:00.188 - [ScheduleThreadPool-test-thread-1] - MinuteTask#25 - INFO:MinuteTask end...
[INFO] - 2025-07-29 16:41:00.187 - [ScheduleThreadPool-test-thread-1] - MinuteTask#24 - INFO:MinuteTask start...
[INFO] - 2025-07-29 16:41:00.187 - [ScheduleThreadPool-test-thread-1] - MinuteTask#25 - INFO:MinuteTask end...
[INFO] - 2025-07-29 16:42:00.187 - [ScheduleThreadPool-test-thread-1] - MinuteTask#24 - INFO:MinuteTask start...
[INFO] - 2025-07-29 16:42:00.188 - [ScheduleThreadPool-test-thread-1] - MinuteTask#25 - INFO:MinuteTask end...
[INFO] - 2025-07-29 16:43:00.187 - [ScheduleThreadPool-test-thread-1] - MinuteTask#24 - INFO:MinuteTask start...
[INFO] - 2025-07-29 16:43:00.188 - [ScheduleThreadPool-test-thread-1] - MinuteTask#25 - INFO:MinuteTask end...
[INFO] - 2025-07-29 16:44:00.068 - [ScheduleThreadPool-test-thread-1] - MinuteTask#24 - INFO:MinuteTask start...
[INFO] - 2025-07-29 16:44:00.068 - [ScheduleThreadPool-test-thread-1] - MinuteTask#25 - INFO:MinuteTask end...
[INFO] - 2025-07-29 16:45:00.064 - [ScheduleThreadPool-test-thread-1] - MinuteTask#24 - INFO:MinuteTask start...
[INFO] - 2025-07-29 16:45:00.064 - [ScheduleThreadPool-test-thread-1] - MinuteTask#25 - INFO:MinuteTask end...
[INFO] - 2025-07-29 16:46:00.063 - [ScheduleThreadPool-test-thread-1] - MinuteTask#24 - INFO:MinuteTask start...
[INFO] - 2025-07-29 16:46:00.063 - [ScheduleThreadPool-test-thread-1] - MinuteTask#25 - INFO:MinuteTask end...
[INFO] - 2025-07-29 16:47:00.063 - [ScheduleThreadPool-test-thread-1] - MinuteTask#24 - INFO:MinuteTask start...
[INFO] - 2025-07-29 16:47:00.063 - [ScheduleThreadPool-test-thread-1] - MinuteTask#25 - INFO:MinuteTask end...
[INFO] - 2025-07-29 16:48:00.059 - [ScheduleThreadPool-test-thread-1] - MinuteTask#24 - INFO:MinuteTask start...
[INFO] - 2025-07-29 16:48:00.059 - [ScheduleThreadPool-test-thread-1] - MinuteTask#25 - INFO:MinuteTask end...
[INFO] - 2025-07-29 16:49:00.059 - [ScheduleThreadPool-test-thread-1] - MinuteTask#24 - INFO:MinuteTask start...
[INFO] - 2025-07-29 16:49:00.059 - [ScheduleThreadPool-test-thread-1] - MinuteTask#25 - INFO:MinuteTask end...
[INFO] - 2025-07-29 16:50:00.058 - [ScheduleThreadPool-test-thread-1] - MinuteTask#24 - INFO:MinuteTask start...
[INFO] - 2025-07-29 16:50:00.059 - [ScheduleThreadPool-test-thread-1] - MinuteTask#25 - INFO:MinuteTask end...
[INFO] - 2025-07-29 16:51:00.058 - [ScheduleThreadPool-test-thread-1] - MinuteTask#24 - INFO:MinuteTask start...
[INFO] - 2025-07-29 16:51:00.058 - [ScheduleThreadPool-test-thread-1] - MinuteTask#25 - INFO:MinuteTask end...
[INFO] - 2025-07-29 16:52:00.053 - [ScheduleThreadPool-test-thread-1] - MinuteTask#24 - INFO:MinuteTask start...
[INFO] - 2025-07-29 16:52:00.053 - [ScheduleThreadPool-test-thread-1] - MinuteTask#25 - INFO:MinuteTask end...
[INFO] - 2025-07-29 16:53:00.051 - [ScheduleThreadPool-test-thread-1] - MinuteTask#24 - INFO:MinuteTask start...
[INFO] - 2025-07-29 16:53:00.051 - [ScheduleThreadPool-test-thread-1] - MinuteTask#25 - INFO:MinuteTask end...
[INFO] - 2025-07-29 16:54:00.050 - [ScheduleThreadPool-test-thread-1] - MinuteTask#24 - INFO:MinuteTask start...
[INFO] - 2025-07-29 16:54:00.050 - [ScheduleThreadPool-test-thread-1] - MinuteTask#25 - INFO:MinuteTask end...
[INFO] - 2025-07-29 16:55:00.050 - [ScheduleThreadPool-test-thread-1] - MinuteTask#24 - INFO:MinuteTask start...
[INFO] - 2025-07-29 16:55:00.051 - [ScheduleThreadPool-test-thread-1] - MinuteTask#25 - INFO:MinuteTask end...
[INFO] - 2025-07-29 16:56:00.047 - [ScheduleThreadPool-test-thread-1] - MinuteTask#24 - INFO:MinuteTask start...
[INFO] - 2025-07-29 16:56:00.047 - [ScheduleThreadPool-test-thread-1] - MinuteTask#25 - INFO:MinuteTask end...
[INFO] - 2025-07-29 16:57:00.045 - [ScheduleThreadPool-test-thread-1] - MinuteTask#24 - INFO:MinuteTask start...
[INFO] - 2025-07-29 16:57:00.045 - [ScheduleThreadPool-test-thread-1] - MinuteTask#25 - INFO:MinuteTask end...
[INFO] - 2025-07-29 16:58:00.044 - [ScheduleThreadPool-test-thread-1] - MinuteTask#24 - INFO:MinuteTask start...
[INFO] - 2025-07-29 16:58:00.044 - [ScheduleThreadPool-test-thread-1] - MinuteTask#25 - INFO:MinuteTask end...
[INFO] - 2025-07-29 16:59:00.155 - [ScheduleThreadPool-test-thread-1] - MinuteTask#24 - INFO:MinuteTask start...
[INFO] - 2025-07-29 16:59:00.155 - [ScheduleThreadPool-test-thread-1] - MinuteTask#25 - INFO:MinuteTask end...
[INFO] - 2025-07-29 17:00:00.160 - [ScheduleThreadPool-test-thread-1] - MinuteTask#24 - INFO:MinuteTask start...
[INFO] - 2025-07-29 17:00:00.160 - [ScheduleThreadPool-test-thread-1] - MinuteTask#25 - INFO:MinuteTask end...
[INFO] - 2025-07-29 17:01:00.157 - [ScheduleThreadPool-test-thread-1] - MinuteTask#24 - INFO:MinuteTask start...
[INFO] - 2025-07-29 17:01:00.157 - [ScheduleThreadPool-test-thread-1] - MinuteTask#25 - INFO:MinuteTask end...
[INFO] - 2025-07-29 17:02:00.157 - [ScheduleThreadPool-test-thread-1] - MinuteTask#24 - INFO:MinuteTask start...
[INFO] - 2025-07-29 17:02:00.157 - [ScheduleThreadPool-test-thread-1] - MinuteTask#25 - INFO:MinuteTask end...
[INFO] - 2025-07-29 17:03:00.156 - [ScheduleThreadPool-test-thread-1] - MinuteTask#24 - INFO:MinuteTask start...
[INFO] - 2025-07-29 17:03:00.156 - [ScheduleThreadPool-test-thread-1] - MinuteTask#25 - INFO:MinuteTask end...
[INFO] - 2025-07-29 17:04:00.160 - [ScheduleThreadPool-test-thread-1] - MinuteTask#24 - INFO:MinuteTask start...
[INFO] - 2025-07-29 17:04:00.160 - [ScheduleThreadPool-test-thread-1] - MinuteTask#25 - INFO:MinuteTask end...
[INFO] - 2025-07-29 17:05:00.156 - [ScheduleThreadPool-test-thread-1] - MinuteTask#24 - INFO:MinuteTask start...
[INFO] - 2025-07-29 17:05:00.157 - [ScheduleThreadPool-test-thread-1] - MinuteTask#25 - INFO:MinuteTask end...
[INFO] - 2025-07-29 17:06:00.157 - [ScheduleThreadPool-test-thread-1] - MinuteTask#24 - INFO:MinuteTask start...
[INFO] - 2025-07-29 17:06:00.157 - [ScheduleThreadPool-test-thread-1] - MinuteTask#25 - INFO:MinuteTask end...
[INFO] - 2025-07-29 17:07:00.160 - [ScheduleThreadPool-test-thread-1] - MinuteTask#24 - INFO:MinuteTask start...
[INFO] - 2025-07-29 17:07:00.161 - [ScheduleThreadPool-test-thread-1] - MinuteTask#25 - INFO:MinuteTask end...
[INFO] - 2025-07-29 17:08:00.157 - [ScheduleThreadPool-test-thread-1] - MinuteTask#24 - INFO:MinuteTask start...
[INFO] - 2025-07-29 17:08:00.158 - [ScheduleThreadPool-test-thread-1] - MinuteTask#25 - INFO:MinuteTask end...
[INFO] - 2025-07-29 17:09:00.159 - [ScheduleThreadPool-test-thread-1] - MinuteTask#24 - INFO:MinuteTask start...
[INFO] - 2025-07-29 17:09:00.160 - [ScheduleThreadPool-test-thread-1] - MinuteTask#25 - INFO:MinuteTask end...
[INFO] - 2025-07-29 17:10:00.158 - [ScheduleThreadPool-test-thread-1] - MinuteTask#24 - INFO:MinuteTask start...
[INFO] - 2025-07-29 17:10:00.158 - [ScheduleThreadPool-test-thread-1] - MinuteTask#25 - INFO:MinuteTask end...
[INFO] - 2025-07-29 17:11:00.158 - [ScheduleThreadPool-test-thread-1] - MinuteTask#24 - INFO:MinuteTask start...
[INFO] - 2025-07-29 17:11:00.158 - [ScheduleThreadPool-test-thread-1] - MinuteTask#25 - INFO:MinuteTask end...
[INFO] - 2025-07-29 17:12:00.160 - [ScheduleThreadPool-test-thread-1] - MinuteTask#24 - INFO:MinuteTask start...
[INFO] - 2025-07-29 17:12:00.160 - [ScheduleThreadPool-test-thread-1] - MinuteTask#25 - INFO:MinuteTask end...
[INFO] - 2025-07-29 17:13:00.159 - [ScheduleThreadPool-test-thread-1] - MinuteTask#24 - INFO:MinuteTask start...
[INFO] - 2025-07-29 17:13:00.159 - [ScheduleThreadPool-test-thread-1] - MinuteTask#25 - INFO:MinuteTask end...
[INFO] - 2025-07-29 17:14:00.176 - [ScheduleThreadPool-test-thread-1] - MinuteTask#24 - INFO:MinuteTask start...
[INFO] - 2025-07-29 17:14:00.176 - [ScheduleThreadPool-test-thread-1] - MinuteTask#25 - INFO:MinuteTask end...
[INFO] - 2025-07-29 17:15:00.180 - [ScheduleThreadPool-test-thread-1] - MinuteTask#24 - INFO:MinuteTask start...
[INFO] - 2025-07-29 17:15:00.180 - [ScheduleThreadPool-test-thread-1] - MinuteTask#25 - INFO:MinuteTask end...
[INFO] - 2025-07-29 17:16:00.179 - [ScheduleThreadPool-test-thread-1] - MinuteTask#24 - INFO:MinuteTask start...
[INFO] - 2025-07-29 17:16:00.179 - [ScheduleThreadPool-test-thread-1] - MinuteTask#25 - INFO:MinuteTask end...
[INFO] - 2025-07-29 17:17:00.182 - [ScheduleThreadPool-test-thread-1] - MinuteTask#24 - INFO:MinuteTask start...
[INFO] - 2025-07-29 17:17:00.182 - [ScheduleThreadPool-test-thread-1] - MinuteTask#25 - INFO:MinuteTask end...
[INFO] - 2025-07-29 17:18:00.180 - [ScheduleThreadPool-test-thread-1] - MinuteTask#24 - INFO:MinuteTask start...
[INFO] - 2025-07-29 17:18:00.180 - [ScheduleThreadPool-test-thread-1] - MinuteTask#25 - INFO:MinuteTask end...
[INFO] - 2025-07-29 17:19:00.182 - [ScheduleThreadPool-test-thread-1] - MinuteTask#24 - INFO:MinuteTask start...
[INFO] - 2025-07-29 17:19:00.183 - [ScheduleThreadPool-test-thread-1] - MinuteTask#25 - INFO:MinuteTask end...
[INFO] - 2025-07-29 17:20:00.181 - [ScheduleThreadPool-test-thread-1] - MinuteTask#24 - INFO:MinuteTask start...
[INFO] - 2025-07-29 17:20:00.182 - [ScheduleThreadPool-test-thread-1] - MinuteTask#25 - INFO:MinuteTask end...
[INFO] - 2025-07-29 17:21:00.184 - [ScheduleThreadPool-test-thread-1] - MinuteTask#24 - INFO:MinuteTask start...
[INFO] - 2025-07-29 17:21:00.184 - [ScheduleThreadPool-test-thread-1] - MinuteTask#25 - INFO:MinuteTask end...
[INFO] - 2025-07-29 17:22:00.186 - [ScheduleThreadPool-test-thread-1] - MinuteTask#24 - INFO:MinuteTask start...
[INFO] - 2025-07-29 17:22:00.186 - [ScheduleThreadPool-test-thread-1] - MinuteTask#25 - INFO:MinuteTask end...
[INFO] - 2025-07-29 17:23:00.183 - [ScheduleThreadPool-test-thread-1] - MinuteTask#24 - INFO:MinuteTask start...
[INFO] - 2025-07-29 17:23:00.184 - [ScheduleThreadPool-test-thread-1] - MinuteTask#25 - INFO:MinuteTask end...
[INFO] - 2025-07-29 17:24:00.184 - [ScheduleThreadPool-test-thread-1] - MinuteTask#24 - INFO:MinuteTask start...
[INFO] - 2025-07-29 17:24:00.185 - [ScheduleThreadPool-test-thread-1] - MinuteTask#25 - INFO:MinuteTask end...
[INFO] - 2025-07-29 17:25:00.190 - [ScheduleThreadPool-test-thread-1] - MinuteTask#24 - INFO:MinuteTask start...
[INFO] - 2025-07-29 17:25:00.190 - [ScheduleThreadPool-test-thread-1] - MinuteTask#25 - INFO:MinuteTask end...
[INFO] - 2025-07-29 17:26:00.188 - [ScheduleThreadPool-test-thread-1] - MinuteTask#24 - INFO:MinuteTask start...
[INFO] - 2025-07-29 17:26:00.189 - [ScheduleThreadPool-test-thread-1] - MinuteTask#25 - INFO:MinuteTask end...
[INFO] - 2025-07-29 17:27:00.187 - [ScheduleThreadPool-test-thread-1] - MinuteTask#24 - INFO:MinuteTask start...
[INFO] - 2025-07-29 17:27:00.188 - [ScheduleThreadPool-test-thread-1] - MinuteTask#25 - INFO:MinuteTask end...
[INFO] - 2025-07-29 17:28:00.187 - [ScheduleThreadPool-test-thread-1] - MinuteTask#24 - INFO:MinuteTask start...
[INFO] - 2025-07-29 17:28:00.188 - [ScheduleThreadPool-test-thread-1] - MinuteTask#25 - INFO:MinuteTask end...
[INFO] - 2025-07-29 17:29:00.188 - [ScheduleThreadPool-test-thread-1] - MinuteTask#24 - INFO:MinuteTask start...
[INFO] - 2025-07-29 17:29:00.188 - [ScheduleThreadPool-test-thread-1] - MinuteTask#25 - INFO:MinuteTask end...
[INFO] - 2025-07-29 17:30:00.191 - [ScheduleThreadPool-test-thread-1] - MinuteTask#24 - INFO:MinuteTask start...
[INFO] - 2025-07-29 17:30:00.191 - [ScheduleThreadPool-test-thread-1] - MinuteTask#25 - INFO:MinuteTask end...
[INFO] - 2025-07-29 17:31:00.192 - [ScheduleThreadPool-test-thread-1] - MinuteTask#24 - INFO:MinuteTask start...
[INFO] - 2025-07-29 17:31:00.193 - [ScheduleThreadPool-test-thread-1] - MinuteTask#25 - INFO:MinuteTask end...
[INFO] - 2025-07-29 17:32:00.189 - [ScheduleThreadPool-test-thread-1] - MinuteTask#24 - INFO:MinuteTask start...
[INFO] - 2025-07-29 17:32:00.189 - [ScheduleThreadPool-test-thread-1] - MinuteTask#25 - INFO:MinuteTask end...
[INFO] - 2025-07-29 17:33:00.189 - [ScheduleThreadPool-test-thread-1] - MinuteTask#24 - INFO:MinuteTask start...
[INFO] - 2025-07-29 17:33:00.189 - [ScheduleThreadPool-test-thread-1] - MinuteTask#25 - INFO:MinuteTask end...
[INFO] - 2025-07-29 17:34:00.187 - [ScheduleThreadPool-test-thread-1] - MinuteTask#24 - INFO:MinuteTask start...
[INFO] - 2025-07-29 17:34:00.188 - [ScheduleThreadPool-test-thread-1] - MinuteTask#25 - INFO:MinuteTask end...
[INFO] - 2025-07-29 17:35:00.192 - [ScheduleThreadPool-test-thread-1] - MinuteTask#24 - INFO:MinuteTask start...
[INFO] - 2025-07-29 17:35:00.192 - [ScheduleThreadPool-test-thread-1] - MinuteTask#25 - INFO:MinuteTask end...
[INFO] - 2025-07-29 17:36:00.190 - [ScheduleThreadPool-test-thread-1] - MinuteTask#24 - INFO:MinuteTask start...
[INFO] - 2025-07-29 17:36:00.191 - [ScheduleThreadPool-test-thread-1] - MinuteTask#25 - INFO:MinuteTask end...
[INFO] - 2025-07-29 17:37:00.189 - [ScheduleThreadPool-test-thread-1] - MinuteTask#24 - INFO:MinuteTask start...
[INFO] - 2025-07-29 17:37:00.190 - [ScheduleThreadPool-test-thread-1] - MinuteTask#25 - INFO:MinuteTask end...
[INFO] - 2025-07-29 17:38:00.194 - [ScheduleThreadPool-test-thread-1] - MinuteTask#24 - INFO:MinuteTask start...
[INFO] - 2025-07-29 17:38:00.194 - [ScheduleThreadPool-test-thread-1] - MinuteTask#25 - INFO:MinuteTask end...
[INFO] - 2025-07-29 17:39:00.194 - [ScheduleThreadPool-test-thread-1] - MinuteTask#24 - INFO:MinuteTask start...
[INFO] - 2025-07-29 17:39:00.195 - [ScheduleThreadPool-test-thread-1] - MinuteTask#25 - INFO:MinuteTask end...
[INFO] - 2025-07-29 17:40:00.193 - [ScheduleThreadPool-test-thread-1] - MinuteTask#24 - INFO:MinuteTask start...
[INFO] - 2025-07-29 17:40:00.193 - [ScheduleThreadPool-test-thread-1] - MinuteTask#25 - INFO:MinuteTask end...
[INFO] - 2025-07-29 17:41:00.192 - [ScheduleThreadPool-test-thread-1] - MinuteTask#24 - INFO:MinuteTask start...
[INFO] - 2025-07-29 17:41:00.192 - [ScheduleThreadPool-test-thread-1] - MinuteTask#25 - INFO:MinuteTask end...
[INFO] - 2025-07-29 17:42:00.193 - [ScheduleThreadPool-test-thread-1] - MinuteTask#24 - INFO:MinuteTask start...
[INFO] - 2025-07-29 17:42:00.193 - [ScheduleThreadPool-test-thread-1] - MinuteTask#25 - INFO:MinuteTask end...
[INFO] - 2025-07-29 17:43:00.197 - [ScheduleThreadPool-test-thread-1] - MinuteTask#24 - INFO:MinuteTask start...
[INFO] - 2025-07-29 17:43:00.197 - [ScheduleThreadPool-test-thread-1] - MinuteTask#25 - INFO:MinuteTask end...
[INFO] - 2025-07-29 17:44:00.194 - [ScheduleThreadPool-test-thread-1] - MinuteTask#24 - INFO:MinuteTask start...
[INFO] - 2025-07-29 17:44:00.194 - [ScheduleThreadPool-test-thread-1] - MinuteTask#25 - INFO:MinuteTask end...
[INFO] - 2025-07-29 17:45:00.197 - [ScheduleThreadPool-test-thread-1] - MinuteTask#24 - INFO:MinuteTask start...
[INFO] - 2025-07-29 17:45:00.197 - [ScheduleThreadPool-test-thread-1] - MinuteTask#25 - INFO:MinuteTask end...
[INFO] - 2025-07-29 17:46:00.196 - [ScheduleThreadPool-test-thread-1] - MinuteTask#24 - INFO:MinuteTask start...
[INFO] - 2025-07-29 17:46:00.196 - [ScheduleThreadPool-test-thread-1] - MinuteTask#25 - INFO:MinuteTask end...
[INFO] - 2025-07-29 17:47:00.166 - [ScheduleThreadPool-test-thread-1] - MinuteTask#24 - INFO:MinuteTask start...
[INFO] - 2025-07-29 17:47:00.167 - [ScheduleThreadPool-test-thread-1] - MinuteTask#25 - INFO:MinuteTask end...
[INFO] - 2025-07-29 17:48:00.167 - [ScheduleThreadPool-test-thread-1] - MinuteTask#24 - INFO:MinuteTask start...
[INFO] - 2025-07-29 17:48:00.167 - [ScheduleThreadPool-test-thread-1] - MinuteTask#25 - INFO:MinuteTask end...
[INFO] - 2025-07-29 17:49:00.165 - [ScheduleThreadPool-test-thread-1] - MinuteTask#24 - INFO:MinuteTask start...
[INFO] - 2025-07-29 17:49:00.165 - [ScheduleThreadPool-test-thread-1] - MinuteTask#25 - INFO:MinuteTask end...
[INFO] - 2025-07-29 17:50:00.168 - [ScheduleThreadPool-test-thread-1] - MinuteTask#24 - INFO:MinuteTask start...
[INFO] - 2025-07-29 17:50:00.169 - [ScheduleThreadPool-test-thread-1] - MinuteTask#25 - INFO:MinuteTask end...
[INFO] - 2025-07-29 17:51:00.165 - [ScheduleThreadPool-test-thread-1] - MinuteTask#24 - INFO:MinuteTask start...
[INFO] - 2025-07-29 17:51:00.165 - [ScheduleThreadPool-test-thread-1] - MinuteTask#25 - INFO:MinuteTask end...
[INFO] - 2025-07-29 17:52:00.164 - [ScheduleThreadPool-test-thread-1] - MinuteTask#24 - INFO:MinuteTask start...
[INFO] - 2025-07-29 17:52:00.165 - [ScheduleThreadPool-test-thread-1] - MinuteTask#25 - INFO:MinuteTask end...
[INFO] - 2025-07-29 17:53:00.164 - [ScheduleThreadPool-test-thread-1] - MinuteTask#24 - INFO:MinuteTask start...
[INFO] - 2025-07-29 17:53:00.165 - [ScheduleThreadPool-test-thread-1] - MinuteTask#25 - INFO:MinuteTask end...
[INFO] - 2025-07-29 17:54:00.164 - [ScheduleThreadPool-test-thread-1] - MinuteTask#24 - INFO:MinuteTask start...
[INFO] - 2025-07-29 17:54:00.165 - [ScheduleThreadPool-test-thread-1] - MinuteTask#25 - INFO:MinuteTask end...
[INFO] - 2025-07-29 17:55:00.167 - [ScheduleThreadPool-test-thread-1] - MinuteTask#24 - INFO:MinuteTask start...
[INFO] - 2025-07-29 17:55:00.167 - [ScheduleThreadPool-test-thread-1] - MinuteTask#25 - INFO:MinuteTask end...
[INFO] - 2025-07-29 17:56:00.164 - [ScheduleThreadPool-test-thread-1] - MinuteTask#24 - INFO:MinuteTask start...
[INFO] - 2025-07-29 17:56:00.165 - [ScheduleThreadPool-test-thread-1] - MinuteTask#25 - INFO:MinuteTask end...
[INFO] - 2025-07-29 17:57:00.165 - [ScheduleThreadPool-test-thread-1] - MinuteTask#24 - INFO:MinuteTask start...
[INFO] - 2025-07-29 17:57:00.165 - [ScheduleThreadPool-test-thread-1] - MinuteTask#25 - INFO:MinuteTask end...
[INFO] - 2025-07-29 17:58:00.165 - [ScheduleThreadPool-test-thread-1] - MinuteTask#24 - INFO:MinuteTask start...
[INFO] - 2025-07-29 17:58:00.165 - [ScheduleThreadPool-test-thread-1] - MinuteTask#25 - INFO:MinuteTask end...
[INFO] - 2025-07-29 17:59:00.168 - [ScheduleThreadPool-test-thread-1] - MinuteTask#24 - INFO:MinuteTask start...
[INFO] - 2025-07-29 17:59:00.168 - [ScheduleThreadPool-test-thread-1] - MinuteTask#25 - INFO:MinuteTask end...
[INFO] - 2025-07-29 18:00:00.164 - [ScheduleThreadPool-test-thread-1] - MinuteTask#24 - INFO:MinuteTask start...
[INFO] - 2025-07-29 18:00:00.164 - [ScheduleThreadPool-test-thread-1] - MinuteTask#25 - INFO:MinuteTask end...
